    Finished dev [unoptimized + debuginfo] target(s) in 0.12s
     Running `target\debug\ncs.exe update`
[2021-07-30T04:53:50Z DEBUG ncs] 95316
[2021-07-30T04:53:50Z DEBUG ncs] 
    /
    ├── dummy/
    └── test/
        ├── subtest/
        |   ├── move_target/
        |   |   ├── file1.md etag: Some("79f1326595e98c59fa4e81af7a7414b8")
        |   |   └── target_sub/
        |   |       └── file2.md etag: Some("ed41fee26101b68541cc4217fb62795b")
        |   └── subsub/
        └── dummy/
    
[2021-07-30T04:53:50Z DEBUG reqwest::connect] starting new connection: https://storage.namnium.work/
[2021-07-30T04:53:50Z DEBUG reqwest::async_impl::client] response '200 OK' for https://storage.namnium.work/ocs/v2.php/apps/activity/api/v2/activity/all?since=95316&sort=asc
[2021-07-30T04:53:50Z DEBUG ncs] Move("/test/subtest/move_target", "/test")
[2021-07-30T04:53:50Z DEBUG ncs] Move("/test/move_target", "/")
[2021-07-30T04:53:50Z DEBUG ncs::nc_listen] 
    /
    ├── dummy/
    └── test/
        ├── subtest/
        |   ├── move_target/
        |   |   ├── file1.md etag: Some("79f1326595e98c59fa4e81af7a7414b8")
        |   |   └── target_sub/
        |   |       └── file2.md etag: Some("ed41fee26101b68541cc4217fb62795b")
        |   └── subsub/
        └── dummy/
    
[2021-07-30T04:53:50Z DEBUG ncs::nc_listen] Move /test/subtest/move_target => /test
[2021-07-30T04:53:50Z DEBUG reqwest::connect] starting new connection: https://storage.namnium.work/
[2021-07-30T04:53:50Z DEBUG reqwest::async_impl::client] response '207 Multi-Status' for https://storage.namnium.work/remote.php/dav/files/for_develop/test
[2021-07-30T04:53:50Z DEBUG ncs::nc_listen] target_name: test
[2021-07-30T04:53:50Z DEBUG ncs::nc_listen] r_name: test/
[2021-07-30T04:53:50Z DEBUG ncs::nc_listen] /test/
[2021-07-30T04:53:50Z DEBUG ncs::nc_listen] 
    /
    ├── dummy/
    └── test/
        ├── file1.md etag: Some("79f1326595e98c59fa4e81af7a7414b8")
        └── target_sub/
            └── file2.md etag: Some("ed41fee26101b68541cc4217fb62795b")
    
[2021-07-30T04:53:50Z DEBUG ncs::nc_listen] Move /test/move_target => /
[2021-07-30T04:53:50Z DEBUG reqwest::connect] starting new connection: https://storage.namnium.work/
[2021-07-30T04:53:51Z DEBUG reqwest::async_impl::client] response '207 Multi-Status' for https://storage.namnium.work/remote.php/dav/files/for_develop/
[2021-07-30T04:53:51Z DEBUG ncs::nc_listen] target_name: /
[2021-07-30T04:53:51Z DEBUG ncs::nc_listen] r_name: /
[2021-07-30T04:53:51Z DEBUG ncs::nc_listen] /
Error: Invalid path. /test/move_target/ => /
error: process didn't exit successfully: `target\debug\ncs.exe update` (exit code: 1)
    Finished dev [unoptimized + debuginfo] target(s) in 0.12s
     Running `target\debug\ncs.exe update`    Finished dev [unoptimized + debuginfo] target(s) in 0.11s
     Running `target\debug\ncs.exe update`
[2021-07-30T05:36:20Z DEBUG ncs] 95330
[2021-07-30T05:36:20Z DEBUG ncs] 
    /
    ├── test/
    |   ├── subtest/
    |   |   ├── move_target/
    |   |   |   ├── file1.md etag: Some("03bd32a188bd7bdb8aacfe8b00f801ab")
    |   |   |   └── target_sub/
    |   |   |       └── file2.md etag: Some("a51906b1fed154324f10f717fd66cf78")
    |   |   └── subsub/
    |   └── dummy/
    └── dummy/
    
[2021-07-30T05:36:20Z DEBUG reqwest::connect] starting new connection: https://storage.namnium.work/
[2021-07-30T05:36:20Z DEBUG reqwest::async_impl::client] response '200 OK' for https://storage.namnium.work/ocs/v2.php/apps/activity/api/v2/activity/all?since=95330&sort=asc
[2021-07-30T05:36:20Z DEBUG ncs] Move("/test/subtest/move_target", "/test")
[2021-07-30T05:36:20Z DEBUG ncs] Move("/test/move_target", "/")
[2021-07-30T05:36:20Z DEBUG ncs::nc_listen] 
    /
    ├── test/
    |   ├── subtest/
    |   |   ├── move_target/
    |   |   |   ├── file1.md etag: Some("03bd32a188bd7bdb8aacfe8b00f801ab")
    |   |   |   └── target_sub/
    |   |   |       └── file2.md etag: Some("a51906b1fed154324f10f717fd66cf78")
    |   |   └── subsub/
    |   └── dummy/
    └── dummy/
    
[2021-07-30T05:36:20Z DEBUG ncs::nc_listen] Move /test/subtest/move_target => /test
[2021-07-30T05:36:20Z DEBUG reqwest::connect] starting new connection: https://storage.namnium.work/
[2021-07-30T05:36:21Z DEBUG reqwest::async_impl::client] response '207 Multi-Status' for https://storage.namnium.work/remote.php/dav/files/for_develop/test
[2021-07-30T05:36:21Z DEBUG ncs::nc_listen] target_name: test
[2021-07-30T05:36:21Z DEBUG ncs::nc_listen] r_name: test/
[2021-07-30T05:36:21Z DEBUG ncs::nc_listen] /test/
[2021-07-30T05:36:21Z DEBUG ncs::nc_listen] 
    /
    ├── test/
    |   ├── subtest/
    |   |   └── subsub/
    |   ├── move_target/
    |   |   ├── file1.md etag: Some("03bd32a188bd7bdb8aacfe8b00f801ab")
    |   |   └── target_sub/
    |   |       └── file2.md etag: Some("a51906b1fed154324f10f717fd66cf78")
    |   └── dummy/
    └── dummy/
    
[2021-07-30T05:36:21Z DEBUG ncs::nc_listen] Move /test/move_target => /
[2021-07-30T05:36:21Z DEBUG reqwest::connect] starting new connection: https://storage.namnium.work/
[2021-07-30T05:36:21Z DEBUG reqwest::async_impl::client] response '207 Multi-Status' for https://storage.namnium.work/remote.php/dav/files/for_develop/
[2021-07-30T05:36:21Z DEBUG ncs::nc_listen] target_name: /
[2021-07-30T05:36:21Z DEBUG ncs::nc_listen] r_name: /
[2021-07-30T05:36:21Z DEBUG ncs::nc_listen] /
thread 'main' panicked at 'attempt to subtract with overflow', src\lib.rs:339:54
note: run with `RUST_BACKTRACE=1` environment variable to display a backtrace
error: process didn't exit successfully: `target\debug\ncs.exe update` (exit code: 101)
    Finished dev [unoptimized + debuginfo] target(s) in 0.11s
     Running `target\debug\ncs.exe update`    Finished dev [unoptimized + debuginfo] target(s) in 0.12s
     Running `target\debug\ncs.exe update`
[2021-07-30T06:34:47Z DEBUG ncs] 95346
[2021-07-30T06:34:47Z DEBUG ncs] 
    /
    ├── test/
    |   ├── subtest/
    |   |   ├── move_target/
    |   |   |   ├── target_sub/
    |   |   |   |   └── file2.md etag: Some("1a91e6dc8b3e5e6bdc7d145986a1dfbe")
    |   |   |   └── file1.md etag: Some("1990404c2eeb2ab106a970282faafa8a")
    |   |   └── subsub/
    |   └── dummy/
    └── dummy/
    
[2021-07-30T06:34:47Z DEBUG reqwest::connect] starting new connection: https://storage.namnium.work/
[2021-07-30T06:34:47Z DEBUG reqwest::async_impl::client] response '200 OK' for https://storage.namnium.work/ocs/v2.php/apps/activity/api/v2/activity/all?since=95346&sort=asc
[2021-07-30T06:34:47Z DEBUG ncs] Move("/test/subtest/move_target", "/test")
[2021-07-30T06:34:47Z DEBUG ncs] Move("/test/move_target", "/")
[2021-07-30T06:34:47Z DEBUG ncs::nc_listen] 
    /
    ├── test/
    |   ├── subtest/
    |   |   ├── move_target/
    |   |   |   ├── target_sub/
    |   |   |   |   └── file2.md etag: Some("1a91e6dc8b3e5e6bdc7d145986a1dfbe")
    |   |   |   └── file1.md etag: Some("1990404c2eeb2ab106a970282faafa8a")
    |   |   └── subsub/
    |   └── dummy/
    └── dummy/
    
[2021-07-30T06:34:47Z DEBUG ncs::nc_listen] Move /test/subtest/move_target => /test
[2021-07-30T06:34:47Z DEBUG reqwest::connect] starting new connection: https://storage.namnium.work/
[2021-07-30T06:34:47Z DEBUG reqwest::async_impl::client] response '207 Multi-Status' for https://storage.namnium.work/remote.php/dav/files/for_develop/test
[2021-07-30T06:34:47Z DEBUG ncs::nc_listen] target_name: test
[2021-07-30T06:34:47Z DEBUG ncs::nc_listen] r_name: test/
[2021-07-30T06:34:47Z DEBUG ncs::nc_listen] /test/
[2021-07-30T06:34:47Z DEBUG ncs::nc_listen] 
    /
    ├── test/
    |   ├── subtest/
    |   |   └── subsub/
    |   ├── move_target/
    |   |   ├── target_sub/
    |   |   |   └── file2.md etag: Some("1a91e6dc8b3e5e6bdc7d145986a1dfbe")
    |   |   └── file1.md etag: Some("1990404c2eeb2ab106a970282faafa8a")
    |   └── dummy/
    └── dummy/
    
[2021-07-30T06:34:47Z DEBUG ncs::nc_listen] Move /test/move_target => /
[2021-07-30T06:34:47Z DEBUG reqwest::connect] starting new connection: https://storage.namnium.work/
[2021-07-30T06:34:48Z DEBUG reqwest::async_impl::client] response '207 Multi-Status' for https://storage.namnium.work/remote.php/dav/files/for_develop/
[2021-07-30T06:34:48Z DEBUG ncs::nc_listen] target_name: /
[2021-07-30T06:34:48Z DEBUG ncs::nc_listen] r_name: /
[2021-07-30T06:34:48Z DEBUG ncs::nc_listen] /
[2021-07-30T06:34:48Z DEBUG ncs] 
    /
    ├── move_target/
    |   ├── target_sub/
    |   |   └── file2.md etag: Some("1a91e6dc8b3e5e6bdc7d145986a1dfbe")
    |   └── file1.md etag: Some("1990404c2eeb2ab106a970282faafa8a")
    ├── test/
    |   ├── subtest/
    |   |   └── subsub/
    |   └── dummy/
    └── dummy/
    
[2021-07-30T06:34:48Z DEBUG ncs] []
[2021-07-30T06:34:48Z DEBUG ncs] 
    /
    ├── move_target/
    |   ├── target_sub/
    |   |   └── file2.md etag: Some("1a91e6dc8b3e5e6bdc7d145986a1dfbe")
    |   └── file1.md etag: Some("1990404c2eeb2ab106a970282faafa8a")
    ├── test/
    |   ├── subtest/
    |   |   └── subsub/
    |   └── dummy/
    └── dummy/
    
    Finished dev [unoptimized + debuginfo] target(s) in 0.12s
     Running `target\debug\ncs.exe update`
[2021-07-30T06:38:48Z DEBUG ncs] 95348
[2021-07-30T06:38:48Z DEBUG ncs] 
    /
    ├── move_target/
    |   ├── file1.md etag: Some("1990404c2eeb2ab106a970282faafa8a")
    |   └── target_sub/
    |       └── file2.md etag: Some("1a91e6dc8b3e5e6bdc7d145986a1dfbe")
    ├── test/
    |   ├── subtest/
    |   |   └── subsub/
    |   └── dummy/
    └── dummy/
    
[2021-07-30T06:38:48Z DEBUG reqwest::connect] starting new connection: https://storage.namnium.work/
[2021-07-30T06:38:48Z DEBUG reqwest::async_impl::client] response '200 OK' for https://storage.namnium.work/ocs/v2.php/apps/activity/api/v2/activity/all?since=95348&sort=asc
[2021-07-30T06:38:48Z DEBUG ncs] Create("/file1.md")
[2021-07-30T06:38:48Z DEBUG ncs] Modify("/file1.md")
[2021-07-30T06:38:48Z DEBUG ncs] Delete("/move_target/file1.md")
[2021-07-30T06:38:48Z DEBUG ncs] Move("/file1.md", "/move_target")
[2021-07-30T06:38:48Z DEBUG ncs] Move("/move_target", "/test")
[2021-07-30T06:38:48Z DEBUG ncs::nc_listen] 
    /
    ├── move_target/
    |   ├── file1.md etag: Some("1990404c2eeb2ab106a970282faafa8a")
    |   └── target_sub/
    |       └── file2.md etag: Some("1a91e6dc8b3e5e6bdc7d145986a1dfbe")
    ├── test/
    |   ├── subtest/
    |   |   └── subsub/
    |   └── dummy/
    └── dummy/
    
[2021-07-30T06:38:48Z DEBUG ncs::nc_listen] Create /file1.md
[2021-07-30T06:38:48Z DEBUG reqwest::connect] starting new connection: https://storage.namnium.work/
[2021-07-30T06:38:48Z DEBUG reqwest::async_impl::client] response '404 Not Found' for https://storage.namnium.work/remote.php/dav/files/for_develop/file1.md
[2021-07-30T06:38:48Z DEBUG ncs::nc_listen] /file1.md/
[2021-07-30T06:38:48Z DEBUG ncs::nc_listen] 
    /
    ├── move_target/
    |   ├── file1.md etag: Some("1990404c2eeb2ab106a970282faafa8a")
    |   └── target_sub/
    |       └── file2.md etag: Some("1a91e6dc8b3e5e6bdc7d145986a1dfbe")
    ├── file1.md/
    ├── test/
    |   ├── subtest/
    |   |   └── subsub/
    |   └── dummy/
    └── dummy/
    
[2021-07-30T06:38:48Z DEBUG ncs::nc_listen] Modify /file1.md
[2021-07-30T06:38:48Z DEBUG reqwest::connect] starting new connection: https://storage.namnium.work/
[2021-07-30T06:38:49Z DEBUG reqwest::async_impl::client] response '404 Not Found' for https://storage.namnium.work/remote.php/dav/files/for_develop/file1.md
[2021-07-30T06:38:49Z DEBUG ncs::nc_listen] /file1.md/
[2021-07-30T06:38:49Z DEBUG ncs::nc_listen] 
    /
    ├── move_target/
    |   ├── file1.md etag: Some("1990404c2eeb2ab106a970282faafa8a")
    |   └── target_sub/
    |       └── file2.md etag: Some("1a91e6dc8b3e5e6bdc7d145986a1dfbe")
    ├── *file1.md/
    ├── test/
    |   ├── subtest/
    |   |   └── subsub/
    |   └── dummy/
    └── dummy/
    
[2021-07-30T06:38:49Z DEBUG ncs::nc_listen] Delete /move_target/file1.md
[2021-07-30T06:38:49Z DEBUG ncs::nc_listen] 
    /
    ├── move_target/
    |   └── target_sub/
    |       └── file2.md etag: Some("1a91e6dc8b3e5e6bdc7d145986a1dfbe")
    ├── *file1.md/
    ├── test/
    |   ├── subtest/
    |   |   └── subsub/
    |   └── dummy/
    └── dummy/
    
[2021-07-30T06:38:49Z DEBUG ncs::nc_listen] Move /file1.md => /move_target
[2021-07-30T06:38:49Z DEBUG reqwest::connect] starting new connection: https://storage.namnium.work/
[2021-07-30T06:38:49Z DEBUG reqwest::async_impl::client] response '404 Not Found' for https://storage.namnium.work/remote.php/dav/files/for_develop/move_target
[2021-07-30T06:38:49Z DEBUG ncs::nc_listen] /move_target/
[2021-07-30T06:38:49Z DEBUG ncs::nc_listen] 
    /
    ├── move_target/
    |   ├── file1.md/
    |   └── target_sub/
    |       └── file2.md etag: Some("1a91e6dc8b3e5e6bdc7d145986a1dfbe")
    ├── test/
    |   ├── subtest/
    |   |   └── subsub/
    |   └── dummy/
    └── dummy/
    
[2021-07-30T06:38:49Z DEBUG ncs::nc_listen] Move /move_target => /test
[2021-07-30T06:38:49Z DEBUG reqwest::connect] starting new connection: https://storage.namnium.work/
[2021-07-30T06:38:49Z DEBUG reqwest::async_impl::client] response '207 Multi-Status' for https://storage.namnium.work/remote.php/dav/files/for_develop/test
[2021-07-30T06:38:49Z DEBUG ncs::nc_listen] target_name: test
[2021-07-30T06:38:49Z DEBUG ncs::nc_listen] r_name: test/
[2021-07-30T06:38:49Z DEBUG ncs::nc_listen] /test/
[2021-07-30T06:38:49Z DEBUG ncs] 
    /
    ├── test/
    |   ├── move_target/
    |   |   ├── file1.md/
    |   |   └── target_sub/
    |   |       └── file2.md etag: Some("1a91e6dc8b3e5e6bdc7d145986a1dfbe")
    |   ├── subtest/
    |   |   └── subsub/
    |   └── dummy/
    └── dummy/
    
[2021-07-30T06:38:49Z DEBUG ncs] [(Weak), (Weak)]
[2021-07-30T06:38:49Z DEBUG ncs] 
    /
    ├── test/
    |   ├── move_target/
    |   |   ├── file1.md/
    |   |   └── target_sub/
    |   |       └── file2.md etag: Some("1a91e6dc8b3e5e6bdc7d145986a1dfbe")
    |   ├── subtest/
    |   |   └── subsub/
    |   └── dummy/
    └── dummy/
    
=========================================================================================    Finished dev [unoptimized + debuginfo] target(s) in 0.12s
     Running `target\debug\ncs.exe update`
[2021-07-30T10:42:56Z DEBUG ncs] 95363
[2021-07-30T10:42:56Z DEBUG ncs] 
    /
    ├── test2/
    |   └── test2.md etag: Some("50e429c1ad590eccd6735f2b8b679437")
    └── test1/
        └── test1.md etag: Some("3bcbbbe6cbe3a251e95b95d0cab8bf3c")
    
[2021-07-30T10:42:56Z DEBUG reqwest::connect] starting new connection: https://storage.namnium.work/
[2021-07-30T10:42:57Z DEBUG reqwest::async_impl::client] response '200 OK' for https://storage.namnium.work/ocs/v2.php/apps/activity/api/v2/activity/all?since=95363&sort=asc
[2021-07-30T10:42:57Z DEBUG ncs] Create("/test1/target.md")
[2021-07-30T10:42:57Z DEBUG ncs] Modify("/test1/target.md")
[2021-07-30T10:42:57Z DEBUG ncs] Move("/test1/target.md", "/test2")
[2021-07-30T10:42:57Z DEBUG ncs] Create("/test1/target2.md")
[2021-07-30T10:42:57Z DEBUG ncs] Modify("/test1/target2.md")
[2021-07-30T10:42:57Z DEBUG ncs] Move("/test1/target2.md", "/test2")
[2021-07-30T10:42:57Z DEBUG ncs] Modify("/test2/target2.md")
[2021-07-30T10:42:57Z DEBUG ncs] Move("/test2/target2.md", "/test1")
[2021-07-30T10:42:57Z DEBUG ncs] Create("/test1/target3.txt")
[2021-07-30T10:42:57Z DEBUG ncs] Move("/test1/target3.txt", "/test2")
[2021-07-30T10:42:57Z DEBUG ncs::nc_listen] 
    /
    ├── test2/
    |   └── test2.md etag: Some("50e429c1ad590eccd6735f2b8b679437")
    └── test1/
        └── test1.md etag: Some("3bcbbbe6cbe3a251e95b95d0cab8bf3c")
    
[2021-07-30T10:42:57Z DEBUG ncs::nc_listen] Create /test1/target.md
[2021-07-30T10:42:57Z DEBUG reqwest::connect] starting new connection: https://storage.namnium.work/
[2021-07-30T10:42:57Z DEBUG reqwest::async_impl::client] response '404 Not Found' for https://storage.namnium.work/remote.php/dav/files/for_develop/test1/target.md
[2021-07-30T10:42:57Z DEBUG ncs::nc_listen] /test1/target.md/
[2021-07-30T10:42:57Z DEBUG ncs::nc_listen] 
    /
    ├── test2/
    |   └── test2.md etag: Some("50e429c1ad590eccd6735f2b8b679437")
    └── test1/
        ├── target.md/
        └── test1.md etag: Some("3bcbbbe6cbe3a251e95b95d0cab8bf3c")
    
[2021-07-30T10:42:57Z DEBUG ncs::nc_listen] Modify /test1/target.md
[2021-07-30T10:42:57Z DEBUG reqwest::connect] starting new connection: https://storage.namnium.work/
[2021-07-30T10:42:57Z DEBUG reqwest::async_impl::client] response '404 Not Found' for https://storage.namnium.work/remote.php/dav/files/for_develop/test1/target.md
[2021-07-30T10:42:57Z DEBUG ncs::nc_listen] /test1/target.md/
[2021-07-30T10:42:57Z DEBUG ncs::nc_listen] 
    /
    ├── test2/
    |   └── test2.md etag: Some("50e429c1ad590eccd6735f2b8b679437")
    └── test1/
        ├── *target.md/
        └── test1.md etag: Some("3bcbbbe6cbe3a251e95b95d0cab8bf3c")
    
[2021-07-30T10:42:57Z DEBUG ncs::nc_listen] Move /test1/target.md => /test2
[2021-07-30T10:42:57Z DEBUG reqwest::connect] starting new connection: https://storage.namnium.work/
[2021-07-30T10:42:58Z DEBUG reqwest::async_impl::client] response '207 Multi-Status' for https://storage.namnium.work/remote.php/dav/files/for_develop/test2
[2021-07-30T10:42:58Z DEBUG ncs::nc_listen] target_name: test2
[2021-07-30T10:42:58Z DEBUG ncs::nc_listen] r_name: test2/
[2021-07-30T10:42:58Z DEBUG ncs::nc_listen] /test2/
[2021-07-30T10:42:58Z DEBUG ncs::nc_listen] try_fix_entry_type@move
[2021-07-30T10:42:58Z DEBUG reqwest::connect] starting new connection: https://storage.namnium.work/
[2021-07-30T10:42:58Z DEBUG reqwest::async_impl::client] response '404 Not Found' for https://storage.namnium.work/remote.php/dav/files/for_develop/target.md/
[2021-07-30T10:42:58Z DEBUG ncs::nc_listen] 
    /
    ├── test2/
    |   ├── test2.md etag: Some("50e429c1ad590eccd6735f2b8b679437")
    |   └── target.md/
    └── test1/
        └── test1.md etag: Some("3bcbbbe6cbe3a251e95b95d0cab8bf3c")
    
[2021-07-30T10:42:58Z DEBUG ncs::nc_listen] Create /test1/target2.md
[2021-07-30T10:42:58Z DEBUG reqwest::connect] starting new connection: https://storage.namnium.work/
[2021-07-30T10:42:58Z DEBUG reqwest::async_impl::client] response '207 Multi-Status' for https://storage.namnium.work/remote.php/dav/files/for_develop/test1/target2.md
[2021-07-30T10:42:58Z DEBUG ncs::nc_listen] target_name: target2.md
[2021-07-30T10:42:58Z DEBUG ncs::nc_listen] r_name: target2.md
[2021-07-30T10:42:58Z DEBUG ncs::nc_listen] 
    /
    ├── test2/
    |   ├── test2.md etag: Some("50e429c1ad590eccd6735f2b8b679437")
    |   └── target.md/
    └── test1/
        ├── test1.md etag: Some("3bcbbbe6cbe3a251e95b95d0cab8bf3c")
        └── *target2.md etag: None
    
[2021-07-30T10:42:58Z DEBUG ncs::nc_listen] Modify /test1/target2.md
[2021-07-30T10:42:58Z DEBUG reqwest::connect] starting new connection: https://storage.namnium.work/
[2021-07-30T10:42:59Z DEBUG reqwest::async_impl::client] response '207 Multi-Status' for https://storage.namnium.work/remote.php/dav/files/for_develop/test1/target2.md
[2021-07-30T10:42:59Z DEBUG ncs::nc_listen] target_name: target2.md
[2021-07-30T10:42:59Z DEBUG ncs::nc_listen] r_name: target2.md
[2021-07-30T10:42:59Z DEBUG ncs::nc_listen] 
    /
    ├── test2/
    |   ├── test2.md etag: Some("50e429c1ad590eccd6735f2b8b679437")
    |   └── target.md/
    └── test1/
        ├── test1.md etag: Some("3bcbbbe6cbe3a251e95b95d0cab8bf3c")
        └── *target2.md etag: None
    
[2021-07-30T10:42:59Z DEBUG ncs::nc_listen] Move /test1/target2.md => /test2
[2021-07-30T10:42:59Z DEBUG reqwest::connect] starting new connection: https://storage.namnium.work/
[2021-07-30T10:42:59Z DEBUG reqwest::async_impl::client] response '207 Multi-Status' for https://storage.namnium.work/remote.php/dav/files/for_develop/test2
[2021-07-30T10:42:59Z DEBUG ncs::nc_listen] target_name: test2
[2021-07-30T10:42:59Z DEBUG ncs::nc_listen] r_name: test2/
[2021-07-30T10:42:59Z DEBUG ncs::nc_listen] /test2/
[2021-07-30T10:42:59Z DEBUG ncs::nc_listen] try_fix_entry_type@move
[2021-07-30T10:42:59Z DEBUG reqwest::connect] starting new connection: https://storage.namnium.work/
[2021-07-30T10:42:59Z DEBUG reqwest::async_impl::client] response '404 Not Found' for https://storage.namnium.work/remote.php/dav/files/for_develop/target2.md
[2021-07-30T10:42:59Z DEBUG ncs::nc_listen] 指定されたファイルが見つかりません。 (os error 2)
[2021-07-30T10:42:59Z DEBUG ncs::nc_listen] 
    /
    ├── test2/
    |   ├── test2.md etag: Some("50e429c1ad590eccd6735f2b8b679437")
    |   ├── target.md/
    |   └── !target2.md etag: None
    └── test1/
        └── test1.md etag: Some("3bcbbbe6cbe3a251e95b95d0cab8bf3c")
    
[2021-07-30T10:42:59Z DEBUG ncs::nc_listen] Modify /test2/target2.md
[2021-07-30T10:42:59Z DEBUG reqwest::connect] starting new connection: https://storage.namnium.work/
[2021-07-30T10:43:00Z DEBUG reqwest::async_impl::client] response '404 Not Found' for https://storage.namnium.work/remote.php/dav/files/for_develop/test2/target2.md
[2021-07-30T10:43:00Z DEBUG ncs::nc_listen] /test2/target2.md/
[2021-07-30T10:43:00Z DEBUG ncs::nc_listen] try_fix_entry_type@modify
[2021-07-30T10:43:00Z DEBUG reqwest::connect] starting new connection: https://storage.namnium.work/
[2021-07-30T10:43:00Z DEBUG reqwest::async_impl::client] response '404 Not Found' for https://storage.namnium.work/remote.php/dav/files/for_develop/test2/target2.md
[2021-07-30T10:43:00Z DEBUG ncs::nc_listen] 
    /
    ├── test2/
    |   ├── test2.md etag: Some("50e429c1ad590eccd6735f2b8b679437")
    |   ├── target.md/
    |   └── *target2.md etag: None
    └── test1/
        └── test1.md etag: Some("3bcbbbe6cbe3a251e95b95d0cab8bf3c")
    
[2021-07-30T10:43:00Z DEBUG ncs::nc_listen] Move /test2/target2.md => /test1
[2021-07-30T10:43:00Z DEBUG reqwest::connect] starting new connection: https://storage.namnium.work/
[2021-07-30T10:43:00Z DEBUG reqwest::async_impl::client] response '207 Multi-Status' for https://storage.namnium.work/remote.php/dav/files/for_develop/test1
[2021-07-30T10:43:00Z DEBUG ncs::nc_listen] target_name: test1
[2021-07-30T10:43:00Z DEBUG ncs::nc_listen] r_name: test1/
[2021-07-30T10:43:00Z DEBUG ncs::nc_listen] /test1/
[2021-07-30T10:43:00Z DEBUG ncs::nc_listen] try_fix_entry_type@move
[2021-07-30T10:43:00Z DEBUG reqwest::connect] starting new connection: https://storage.namnium.work/
[2021-07-30T10:43:01Z DEBUG reqwest::async_impl::client] response '404 Not Found' for https://storage.namnium.work/remote.php/dav/files/for_develop/target2.md
[2021-07-30T10:43:01Z DEBUG ncs::nc_listen] 指定されたファイルが見つかりません。 (os error 2)
[2021-07-30T10:43:01Z DEBUG ncs::nc_listen] 
    /
    ├── test2/
    |   ├── test2.md etag: Some("50e429c1ad590eccd6735f2b8b679437")
    |   └── target.md/
    └── test1/
        ├── test1.md etag: Some("3bcbbbe6cbe3a251e95b95d0cab8bf3c")
        └── !target2.md etag: None
    
[2021-07-30T10:43:01Z DEBUG ncs::nc_listen] Create /test1/target3.txt
[2021-07-30T10:43:01Z DEBUG reqwest::connect] starting new connection: https://storage.namnium.work/
[2021-07-30T10:43:01Z DEBUG reqwest::async_impl::client] response '404 Not Found' for https://storage.namnium.work/remote.php/dav/files/for_develop/test1/target3.txt
[2021-07-30T10:43:01Z DEBUG ncs::nc_listen] /test1/target3.txt/
[2021-07-30T10:43:01Z DEBUG ncs::nc_listen] 
    /
    ├── test2/
    |   ├── test2.md etag: Some("50e429c1ad590eccd6735f2b8b679437")
    |   └── target.md/
    └── test1/
        ├── target3.txt/
        ├── test1.md etag: Some("3bcbbbe6cbe3a251e95b95d0cab8bf3c")
        └── !target2.md etag: None
    
[2021-07-30T10:43:01Z DEBUG ncs::nc_listen] Move /test1/target3.txt => /test2
[2021-07-30T10:43:01Z DEBUG reqwest::connect] starting new connection: https://storage.namnium.work/
[2021-07-30T10:43:01Z DEBUG reqwest::async_impl::client] response '207 Multi-Status' for https://storage.namnium.work/remote.php/dav/files/for_develop/test2
[2021-07-30T10:43:01Z DEBUG ncs::nc_listen] target_name: test2
[2021-07-30T10:43:01Z DEBUG ncs::nc_listen] r_name: test2/
[2021-07-30T10:43:01Z DEBUG ncs::nc_listen] /test2/
[2021-07-30T10:43:01Z DEBUG ncs::nc_listen] try_fix_entry_type@move
[2021-07-30T10:43:01Z DEBUG reqwest::connect] starting new connection: https://storage.namnium.work/
[2021-07-30T10:43:02Z DEBUG reqwest::async_impl::client] response '404 Not Found' for https://storage.namnium.work/remote.php/dav/files/for_develop/target3.txt/
[2021-07-30T10:43:02Z DEBUG ncs] 
    /
    ├── test2/
    |   ├── target3.txt/
    |   ├── test2.md etag: Some("50e429c1ad590eccd6735f2b8b679437")
    |   └── target.md/
    └── test1/
        ├── test1.md etag: Some("3bcbbbe6cbe3a251e95b95d0cab8bf3c")
        └── !target2.md etag: None
    
[2021-07-30T10:43:02Z DEBUG ncs] [(Weak), (Weak), (Weak), (Weak), (Weak)]
[2021-07-30T10:43:02Z DEBUG reqwest::connect] starting new connection: https://storage.namnium.work/
[2021-07-30T10:43:02Z DEBUG reqwest::async_impl::client] response '207 Multi-Status' for https://storage.namnium.work/remote.php/dav/files/for_develop/test1/target2.md
[2021-07-30T10:43:02Z DEBUG ncs::nc_listen] target_name: target2.md
[2021-07-30T10:43:02Z DEBUG ncs::nc_listen] r_name: target2.md
[2021-07-30T10:43:02Z DEBUG ncs::nc_listen] Need to download.
[2021-07-30T10:43:02Z DEBUG reqwest::connect] starting new connection: https://storage.namnium.work/
[2021-07-30T10:43:02Z DEBUG reqwest::async_impl::client] response '200 OK' for https://storage.namnium.work/remote.php/dav/files/for_develop/test1/target2.md
[2021-07-30T10:43:02Z DEBUG reqwest::connect] starting new connection: https://storage.namnium.work/
[2021-07-30T10:43:03Z DEBUG reqwest::async_impl::client] response '207 Multi-Status' for https://storage.namnium.work/remote.php/dav/files/for_develop/test1/target2.md
[2021-07-30T10:43:03Z DEBUG ncs::nc_listen] target_name: target2.md
[2021-07-30T10:43:03Z DEBUG ncs::nc_listen] r_name: target2.md
[2021-07-30T10:43:03Z DEBUG reqwest::connect] starting new connection: https://storage.namnium.work/
[2021-07-30T10:43:03Z DEBUG reqwest::async_impl::client] response '207 Multi-Status' for https://storage.namnium.work/remote.php/dav/files/for_develop/test1/target2.md
[2021-07-30T10:43:03Z DEBUG ncs::nc_listen] target_name: target2.md
[2021-07-30T10:43:03Z DEBUG ncs::nc_listen] r_name: target2.md
[2021-07-30T10:43:03Z DEBUG ncs] 
    /
    ├── test2/
    |   ├── target3.txt/
    |   ├── test2.md etag: Some("50e429c1ad590eccd6735f2b8b679437")
    |   └── target.md/
    └── test1/
        ├── test1.md etag: Some("3bcbbbe6cbe3a251e95b95d0cab8bf3c")
        └── target2.md etag: Some("ee4528379a5b79e97a66bae7458df4f6")
    
====================================================================================    Finished dev [unoptimized + debuginfo] target(s) in 0.12s
     Running `target\debug\ncs.exe update`
[2021-07-30T10:54:01Z DEBUG ncs] 95380
[2021-07-30T10:54:01Z DEBUG ncs] 
    /
    ├── test2/
    |   └── test2.md etag: Some("ec6c7087af24a6a803057e167a88d739")
    └── test1/
        └── test1.md etag: Some("1e20c0ff2eb779d321f82773f41676ec")
    
[2021-07-30T10:54:01Z DEBUG reqwest::connect] starting new connection: https://storage.namnium.work/
[2021-07-30T10:54:01Z DEBUG reqwest::async_impl::client] response '200 OK' for https://storage.namnium.work/ocs/v2.php/apps/activity/api/v2/activity/all?since=95380&sort=asc
[2021-07-30T10:54:01Z DEBUG ncs] Create("/test1/target.md")
[2021-07-30T10:54:01Z DEBUG ncs] Modify("/test1/target.md")
[2021-07-30T10:54:01Z DEBUG ncs] Move("/test1/target.md", "/test2")
[2021-07-30T10:54:01Z DEBUG ncs] Create("/test1/target2.md")
[2021-07-30T10:54:01Z DEBUG ncs] Modify("/test1/target2.md")
[2021-07-30T10:54:01Z DEBUG ncs] Move("/test1/target2.md", "/test2")
[2021-07-30T10:54:01Z DEBUG ncs] Modify("/test2/target2.md")
[2021-07-30T10:54:01Z DEBUG ncs] Move("/test2/target2.md", "/test1")
[2021-07-30T10:54:01Z DEBUG ncs] Create("/test1/target3.md")
[2021-07-30T10:54:01Z DEBUG ncs] Move("/test1/target3.md", "/test2")
[2021-07-30T10:54:01Z DEBUG ncs::nc_listen] 
    /
    ├── test2/
    |   └── test2.md etag: Some("ec6c7087af24a6a803057e167a88d739")
    └── test1/
        └── test1.md etag: Some("1e20c0ff2eb779d321f82773f41676ec")
    
[2021-07-30T10:54:01Z DEBUG ncs::nc_listen] Create /test1/target.md
[2021-07-30T10:54:01Z DEBUG reqwest::connect] starting new connection: https://storage.namnium.work/
[2021-07-30T10:54:02Z DEBUG reqwest::async_impl::client] response '404 Not Found' for https://storage.namnium.work/remote.php/dav/files/for_develop/test1/target.md
[2021-07-30T10:54:02Z DEBUG ncs::nc_listen] /test1/target.md/
[2021-07-30T10:54:02Z DEBUG ncs::nc_listen] 
    /
    ├── test2/
    |   └── test2.md etag: Some("ec6c7087af24a6a803057e167a88d739")
    └── test1/
        ├── test1.md etag: Some("1e20c0ff2eb779d321f82773f41676ec")
        └── target.md/
    
[2021-07-30T10:54:02Z DEBUG ncs::nc_listen] Modify /test1/target.md
[2021-07-30T10:54:02Z DEBUG reqwest::connect] starting new connection: https://storage.namnium.work/
[2021-07-30T10:54:02Z DEBUG reqwest::async_impl::client] response '404 Not Found' for https://storage.namnium.work/remote.php/dav/files/for_develop/test1/target.md
[2021-07-30T10:54:02Z DEBUG ncs::nc_listen] /test1/target.md/
[2021-07-30T10:54:02Z DEBUG ncs::nc_listen] 
    /
    ├── test2/
    |   └── test2.md etag: Some("ec6c7087af24a6a803057e167a88d739")
    └── test1/
        ├── test1.md etag: Some("1e20c0ff2eb779d321f82773f41676ec")
        └── *target.md/
    
[2021-07-30T10:54:02Z DEBUG ncs::nc_listen] Move /test1/target.md => /test2
[2021-07-30T10:54:02Z DEBUG reqwest::connect] starting new connection: https://storage.namnium.work/
[2021-07-30T10:54:02Z DEBUG reqwest::async_impl::client] response '207 Multi-Status' for https://storage.namnium.work/remote.php/dav/files/for_develop/test2
[2021-07-30T10:54:02Z DEBUG ncs::nc_listen] target_name: test2
[2021-07-30T10:54:02Z DEBUG ncs::nc_listen] r_name: test2/
[2021-07-30T10:54:02Z DEBUG ncs::nc_listen] /test2/
[2021-07-30T10:54:02Z DEBUG ncs::nc_listen] try_fix_entry_type@move
[2021-07-30T10:54:02Z DEBUG reqwest::connect] starting new connection: https://storage.namnium.work/
[2021-07-30T10:54:03Z DEBUG reqwest::async_impl::client] response '404 Not Found' for https://storage.namnium.work/remote.php/dav/files/for_develop/target.md
[2021-07-30T10:54:03Z DEBUG ncs::nc_listen] 
    /
    ├── test2/
    |   ├── test2.md etag: Some("ec6c7087af24a6a803057e167a88d739")
    |   └── *target.md/
    └── test1/
        └── test1.md etag: Some("1e20c0ff2eb779d321f82773f41676ec")
    
[2021-07-30T10:54:03Z DEBUG ncs::nc_listen] Create /test1/target2.md
[2021-07-30T10:54:03Z DEBUG reqwest::connect] starting new connection: https://storage.namnium.work/
[2021-07-30T10:54:03Z DEBUG reqwest::async_impl::client] response '207 Multi-Status' for https://storage.namnium.work/remote.php/dav/files/for_develop/test1/target2.md
[2021-07-30T10:54:03Z DEBUG ncs::nc_listen] target_name: target2.md
[2021-07-30T10:54:03Z DEBUG ncs::nc_listen] r_name: target2.md
[2021-07-30T10:54:03Z DEBUG ncs::nc_listen] 
    /
    ├── test2/
    |   ├── test2.md etag: Some("ec6c7087af24a6a803057e167a88d739")
    |   └── *target.md/
    └── test1/
        ├── test1.md etag: Some("1e20c0ff2eb779d321f82773f41676ec")
        └── *target2.md etag: None
    
[2021-07-30T10:54:03Z DEBUG ncs::nc_listen] Modify /test1/target2.md
[2021-07-30T10:54:03Z DEBUG reqwest::connect] starting new connection: https://storage.namnium.work/
[2021-07-30T10:54:03Z DEBUG reqwest::async_impl::client] response '207 Multi-Status' for https://storage.namnium.work/remote.php/dav/files/for_develop/test1/target2.md
[2021-07-30T10:54:03Z DEBUG ncs::nc_listen] target_name: target2.md
[2021-07-30T10:54:03Z DEBUG ncs::nc_listen] r_name: target2.md
[2021-07-30T10:54:03Z DEBUG ncs::nc_listen] 
    /
    ├── test2/
    |   ├── test2.md etag: Some("ec6c7087af24a6a803057e167a88d739")
    |   └── *target.md/
    └── test1/
        ├── test1.md etag: Some("1e20c0ff2eb779d321f82773f41676ec")
        └── *target2.md etag: None
    
[2021-07-30T10:54:03Z DEBUG ncs::nc_listen] Move /test1/target2.md => /test2
[2021-07-30T10:54:03Z DEBUG reqwest::connect] starting new connection: https://storage.namnium.work/
[2021-07-30T10:54:04Z DEBUG reqwest::async_impl::client] response '207 Multi-Status' for https://storage.namnium.work/remote.php/dav/files/for_develop/test2
[2021-07-30T10:54:04Z DEBUG ncs::nc_listen] target_name: test2
[2021-07-30T10:54:04Z DEBUG ncs::nc_listen] r_name: test2/
[2021-07-30T10:54:04Z DEBUG ncs::nc_listen] /test2/
[2021-07-30T10:54:04Z DEBUG ncs::nc_listen] try_fix_entry_type@move
[2021-07-30T10:54:04Z DEBUG reqwest::connect] starting new connection: https://storage.namnium.work/
[2021-07-30T10:54:04Z DEBUG reqwest::async_impl::client] response '404 Not Found' for https://storage.namnium.work/remote.php/dav/files/for_develop/target2.md
[2021-07-30T10:54:04Z DEBUG ncs::nc_listen] 指定されたファイルが見つかりません。 (os error 2)
[2021-07-30T10:54:04Z DEBUG ncs::nc_listen] 
    /
    ├── test2/
    |   ├── test2.md etag: Some("ec6c7087af24a6a803057e167a88d739")
    |   ├── *target.md/
    |   └── !target2.md etag: None
    └── test1/
        └── test1.md etag: Some("1e20c0ff2eb779d321f82773f41676ec")
    
[2021-07-30T10:54:04Z DEBUG ncs::nc_listen] Modify /test2/target2.md
[2021-07-30T10:54:04Z DEBUG reqwest::connect] starting new connection: https://storage.namnium.work/
[2021-07-30T10:54:04Z DEBUG reqwest::async_impl::client] response '404 Not Found' for https://storage.namnium.work/remote.php/dav/files/for_develop/test2/target2.md
[2021-07-30T10:54:04Z DEBUG ncs::nc_listen] /test2/target2.md/
[2021-07-30T10:54:04Z DEBUG ncs::nc_listen] try_fix_entry_type@modify
[2021-07-30T10:54:04Z DEBUG reqwest::connect] starting new connection: https://storage.namnium.work/
[2021-07-30T10:54:05Z DEBUG reqwest::async_impl::client] response '404 Not Found' for https://storage.namnium.work/remote.php/dav/files/for_develop/test2/target2.md
[2021-07-30T10:54:05Z DEBUG ncs::nc_listen] 
    /
    ├── test2/
    |   ├── test2.md etag: Some("ec6c7087af24a6a803057e167a88d739")
    |   ├── *target.md/
    |   └── *target2.md etag: None
    └── test1/
        └── test1.md etag: Some("1e20c0ff2eb779d321f82773f41676ec")
    
[2021-07-30T10:54:05Z DEBUG ncs::nc_listen] Move /test2/target2.md => /test1
[2021-07-30T10:54:05Z DEBUG reqwest::connect] starting new connection: https://storage.namnium.work/
[2021-07-30T10:54:05Z DEBUG reqwest::async_impl::client] response '207 Multi-Status' for https://storage.namnium.work/remote.php/dav/files/for_develop/test1
[2021-07-30T10:54:05Z DEBUG ncs::nc_listen] target_name: test1
[2021-07-30T10:54:05Z DEBUG ncs::nc_listen] r_name: test1/
[2021-07-30T10:54:05Z DEBUG ncs::nc_listen] /test1/
[2021-07-30T10:54:05Z DEBUG ncs::nc_listen] try_fix_entry_type@move
[2021-07-30T10:54:05Z DEBUG reqwest::connect] starting new connection: https://storage.namnium.work/
[2021-07-30T10:54:05Z DEBUG reqwest::async_impl::client] response '404 Not Found' for https://storage.namnium.work/remote.php/dav/files/for_develop/target2.md
[2021-07-30T10:54:05Z DEBUG ncs::nc_listen] 指定されたファイルが見つかりません。 (os error 2)
[2021-07-30T10:54:05Z DEBUG ncs::nc_listen] 
    /
    ├── test2/
    |   ├── test2.md etag: Some("ec6c7087af24a6a803057e167a88d739")
    |   └── *target.md/
    └── test1/
        ├── test1.md etag: Some("1e20c0ff2eb779d321f82773f41676ec")
        └── !target2.md etag: None
    
[2021-07-30T10:54:05Z DEBUG ncs::nc_listen] Create /test1/target3.md
[2021-07-30T10:54:05Z DEBUG reqwest::connect] starting new connection: https://storage.namnium.work/
[2021-07-30T10:54:05Z DEBUG reqwest::async_impl::client] response '404 Not Found' for https://storage.namnium.work/remote.php/dav/files/for_develop/test1/target3.md
[2021-07-30T10:54:05Z DEBUG ncs::nc_listen] /test1/target3.md/
[2021-07-30T10:54:05Z DEBUG ncs::nc_listen] 
    /
    ├── test2/
    |   ├── test2.md etag: Some("ec6c7087af24a6a803057e167a88d739")
    |   └── *target.md/
    └── test1/
        ├── test1.md etag: Some("1e20c0ff2eb779d321f82773f41676ec")
        ├── !target2.md etag: None
        └── target3.md/
    
[2021-07-30T10:54:05Z DEBUG ncs::nc_listen] Move /test1/target3.md => /test2
[2021-07-30T10:54:05Z DEBUG reqwest::connect] starting new connection: https://storage.namnium.work/
[2021-07-30T10:54:06Z DEBUG reqwest::async_impl::client] response '207 Multi-Status' for https://storage.namnium.work/remote.php/dav/files/for_develop/test2
[2021-07-30T10:54:06Z DEBUG ncs::nc_listen] target_name: test2
[2021-07-30T10:54:06Z DEBUG ncs::nc_listen] r_name: test2/
[2021-07-30T10:54:06Z DEBUG ncs::nc_listen] /test2/
[2021-07-30T10:54:06Z DEBUG ncs::nc_listen] try_fix_entry_type@move
[2021-07-30T10:54:06Z DEBUG reqwest::connect] starting new connection: https://storage.namnium.work/
[2021-07-30T10:54:06Z DEBUG reqwest::async_impl::client] response '404 Not Found' for https://storage.namnium.work/remote.php/dav/files/for_develop/target3.md
[2021-07-30T10:54:06Z DEBUG ncs] 
    /
    ├── test2/
    |   ├── test2.md etag: Some("ec6c7087af24a6a803057e167a88d739")
    |   ├── *target.md/
    |   └── *target3.md/
    └── test1/
        ├── test1.md etag: Some("1e20c0ff2eb779d321f82773f41676ec")
        └── !target2.md etag: None
    
[2021-07-30T10:54:06Z DEBUG ncs] [(Weak), (Weak), (Weak), (Weak), (Weak)]
[2021-07-30T10:54:06Z DEBUG reqwest::connect] starting new connection: https://storage.namnium.work/
[2021-07-30T10:54:06Z DEBUG reqwest::async_impl::client] response '207 Multi-Status' for https://storage.namnium.work/remote.php/dav/files/for_develop/test1/target2.md
[2021-07-30T10:54:06Z DEBUG ncs::nc_listen] target_name: target2.md
[2021-07-30T10:54:06Z DEBUG ncs::nc_listen] r_name: target2.md
[2021-07-30T10:54:06Z DEBUG ncs::nc_listen] Need to download.
[2021-07-30T10:54:06Z DEBUG reqwest::connect] starting new connection: https://storage.namnium.work/
[2021-07-30T10:54:07Z DEBUG reqwest::async_impl::client] response '200 OK' for https://storage.namnium.work/remote.php/dav/files/for_develop/test1/target2.md
[2021-07-30T10:54:07Z DEBUG reqwest::connect] starting new connection: https://storage.namnium.work/
[2021-07-30T10:54:07Z DEBUG reqwest::async_impl::client] response '207 Multi-Status' for https://storage.namnium.work/remote.php/dav/files/for_develop/test1/target2.md
[2021-07-30T10:54:07Z DEBUG ncs::nc_listen] target_name: target2.md
[2021-07-30T10:54:07Z DEBUG ncs::nc_listen] r_name: target2.md
[2021-07-30T10:54:07Z DEBUG reqwest::connect] starting new connection: https://storage.namnium.work/
[2021-07-30T10:54:07Z DEBUG reqwest::async_impl::client] response '207 Multi-Status' for https://storage.namnium.work/remote.php/dav/files/for_develop/test1/target2.md
[2021-07-30T10:54:07Z DEBUG ncs::nc_listen] target_name: target2.md
[2021-07-30T10:54:07Z DEBUG ncs::nc_listen] r_name: target2.md
[2021-07-30T10:54:07Z DEBUG ncs] 
    /
    ├── test2/
    |   ├── test2.md etag: Some("ec6c7087af24a6a803057e167a88d739")
    |   ├── *target.md/
    |   └── *target3.md/
    └── test1/
        ├── test1.md etag: Some("1e20c0ff2eb779d321f82773f41676ec")
        └── target2.md etag: Some("b759b76767ecd71968fdbfa5056cee54")
    
=========================================================================================================================    Finished dev [unoptimized + debuginfo] target(s) in 0.12s
     Running `target\debug\ncs.exe update`
[2021-07-30T11:01:23Z DEBUG ncs] 95394
[2021-07-30T11:01:23Z DEBUG ncs] 
    /
    ├── test1/
    |   └── test1.md etag: Some("1e20c0ff2eb779d321f82773f41676ec")
    └── test2/
        └── test2.md etag: Some("ec6c7087af24a6a803057e167a88d739")
    
[2021-07-30T11:01:23Z DEBUG reqwest::connect] starting new connection: https://storage.namnium.work/
[2021-07-30T11:01:23Z DEBUG reqwest::async_impl::client] response '200 OK' for https://storage.namnium.work/ocs/v2.php/apps/activity/api/v2/activity/all?since=95394&sort=asc
[2021-07-30T11:01:23Z DEBUG ncs] Create("/test1/target.md")
[2021-07-30T11:01:23Z DEBUG ncs] Modify("/test1/target.md")
[2021-07-30T11:01:23Z DEBUG ncs] Move("/test1/target.md", "/test2")
[2021-07-30T11:01:23Z DEBUG ncs] Create("/test1/target2.md")
[2021-07-30T11:01:23Z DEBUG ncs] Modify("/test1/target2.md")
[2021-07-30T11:01:23Z DEBUG ncs] Move("/test1/target2.md", "/test2")
[2021-07-30T11:01:23Z DEBUG ncs] Modify("/test2/target2.md")
[2021-07-30T11:01:23Z DEBUG ncs] Move("/test2/target2.md", "/test1")
[2021-07-30T11:01:23Z DEBUG ncs] Create("/test1/target3.md")
[2021-07-30T11:01:23Z DEBUG ncs] Move("/test1/target3.md", "/test2")
[2021-07-30T11:01:23Z DEBUG ncs::nc_listen] 
    /
    ├── test1/
    |   └── test1.md etag: Some("1e20c0ff2eb779d321f82773f41676ec")
    └── test2/
        └── test2.md etag: Some("ec6c7087af24a6a803057e167a88d739")
    
[2021-07-30T11:01:23Z DEBUG ncs::nc_listen] Create /test1/target.md
[2021-07-30T11:01:23Z DEBUG reqwest::connect] starting new connection: https://storage.namnium.work/
[2021-07-30T11:01:24Z DEBUG reqwest::async_impl::client] response '404 Not Found' for https://storage.namnium.work/remote.php/dav/files/for_develop/test1/target.md
[2021-07-30T11:01:24Z DEBUG ncs::nc_listen] /test1/target.md/
[2021-07-30T11:01:24Z DEBUG ncs::nc_listen] 
    /
    ├── test1/
    |   ├── test1.md etag: Some("1e20c0ff2eb779d321f82773f41676ec")
    |   └── target.md/
    └── test2/
        └── test2.md etag: Some("ec6c7087af24a6a803057e167a88d739")
    
[2021-07-30T11:01:24Z DEBUG ncs::nc_listen] Modify /test1/target.md
[2021-07-30T11:01:24Z DEBUG reqwest::connect] starting new connection: https://storage.namnium.work/
[2021-07-30T11:01:24Z DEBUG reqwest::async_impl::client] response '404 Not Found' for https://storage.namnium.work/remote.php/dav/files/for_develop/test1/target.md
[2021-07-30T11:01:24Z DEBUG ncs::nc_listen] /test1/target.md/
[2021-07-30T11:01:24Z DEBUG ncs::nc_listen] 
    /
    ├── test1/
    |   ├── test1.md etag: Some("1e20c0ff2eb779d321f82773f41676ec")
    |   └── *target.md/
    └── test2/
        └── test2.md etag: Some("ec6c7087af24a6a803057e167a88d739")
    
[2021-07-30T11:01:24Z DEBUG ncs::nc_listen] Move /test1/target.md => /test2
[2021-07-30T11:01:24Z DEBUG reqwest::connect] starting new connection: https://storage.namnium.work/
[2021-07-30T11:01:24Z DEBUG reqwest::async_impl::client] response '207 Multi-Status' for https://storage.namnium.work/remote.php/dav/files/for_develop/test2
[2021-07-30T11:01:24Z DEBUG ncs::nc_listen] target_name: test2
[2021-07-30T11:01:24Z DEBUG ncs::nc_listen] r_name: test2/
[2021-07-30T11:01:24Z DEBUG ncs::nc_listen] /test2/
[2021-07-30T11:01:24Z DEBUG ncs::nc_listen] try_fix_entry_type@move
[2021-07-30T11:01:24Z DEBUG reqwest::connect] starting new connection: https://storage.namnium.work/
[2021-07-30T11:01:25Z DEBUG reqwest::async_impl::client] response '207 Multi-Status' for https://storage.namnium.work/remote.php/dav/files/for_develop/test2
[2021-07-30T11:01:25Z DEBUG ncs::nc_listen] target_name: test2/
[2021-07-30T11:01:25Z DEBUG ncs::nc_listen] r_name: test2/
[2021-07-30T11:01:25Z DEBUG ncs::nc_listen] 
    /
    ├── test1/
    |   └── test1.md etag: Some("1e20c0ff2eb779d321f82773f41676ec")
    └── test2/
        ├── test2.md etag: Some("ec6c7087af24a6a803057e167a88d739")
        └── *target.md/
    
[2021-07-30T11:01:25Z DEBUG ncs::nc_listen] Create /test1/target2.md
[2021-07-30T11:01:25Z DEBUG reqwest::connect] starting new connection: https://storage.namnium.work/
[2021-07-30T11:01:25Z DEBUG reqwest::async_impl::client] response '207 Multi-Status' for https://storage.namnium.work/remote.php/dav/files/for_develop/test1/target2.md
[2021-07-30T11:01:25Z DEBUG ncs::nc_listen] target_name: target2.md
[2021-07-30T11:01:25Z DEBUG ncs::nc_listen] r_name: target2.md
[2021-07-30T11:01:25Z DEBUG ncs::nc_listen] 
    /
    ├── test1/
    |   ├── *target2.md etag: None
    |   └── test1.md etag: Some("1e20c0ff2eb779d321f82773f41676ec")
    └── test2/
        ├── test2.md etag: Some("ec6c7087af24a6a803057e167a88d739")
        └── *target.md/
    
[2021-07-30T11:01:25Z DEBUG ncs::nc_listen] Modify /test1/target2.md
[2021-07-30T11:01:25Z DEBUG reqwest::connect] starting new connection: https://storage.namnium.work/
[2021-07-30T11:01:25Z DEBUG reqwest::async_impl::client] response '207 Multi-Status' for https://storage.namnium.work/remote.php/dav/files/for_develop/test1/target2.md
[2021-07-30T11:01:25Z DEBUG ncs::nc_listen] target_name: target2.md
[2021-07-30T11:01:25Z DEBUG ncs::nc_listen] r_name: target2.md
[2021-07-30T11:01:25Z DEBUG ncs::nc_listen] 
    /
    ├── test1/
    |   ├── *target2.md etag: None
    |   └── test1.md etag: Some("1e20c0ff2eb779d321f82773f41676ec")
    └── test2/
        ├── test2.md etag: Some("ec6c7087af24a6a803057e167a88d739")
        └── *target.md/
    
[2021-07-30T11:01:25Z DEBUG ncs::nc_listen] Move /test1/target2.md => /test2
[2021-07-30T11:01:25Z DEBUG reqwest::connect] starting new connection: https://storage.namnium.work/
[2021-07-30T11:01:26Z DEBUG reqwest::async_impl::client] response '207 Multi-Status' for https://storage.namnium.work/remote.php/dav/files/for_develop/test2
[2021-07-30T11:01:26Z DEBUG ncs::nc_listen] target_name: test2
[2021-07-30T11:01:26Z DEBUG ncs::nc_listen] r_name: test2/
[2021-07-30T11:01:26Z DEBUG ncs::nc_listen] /test2/
[2021-07-30T11:01:26Z DEBUG ncs::nc_listen] try_fix_entry_type@move
[2021-07-30T11:01:26Z DEBUG reqwest::connect] starting new connection: https://storage.namnium.work/
[2021-07-30T11:01:26Z DEBUG reqwest::async_impl::client] response '207 Multi-Status' for https://storage.namnium.work/remote.php/dav/files/for_develop/test2
[2021-07-30T11:01:26Z DEBUG ncs::nc_listen] target_name: test2/
[2021-07-30T11:01:26Z DEBUG ncs::nc_listen] r_name: test2/
[2021-07-30T11:01:26Z DEBUG ncs::nc_listen] /test2
[2021-07-30T11:01:26Z DEBUG ncs::nc_listen] 指定されたファイルが見つかりません。 (os error 2)
[2021-07-30T11:01:26Z DEBUG ncs::nc_listen] 
    /
    ├── test1/
    |   └── test1.md etag: Some("1e20c0ff2eb779d321f82773f41676ec")
    └── test2/
        ├── test2.md etag: Some("ec6c7087af24a6a803057e167a88d739")
        ├── !target2.md/
        └── *target.md/
    
[2021-07-30T11:01:26Z DEBUG ncs::nc_listen] Modify /test2/target2.md
[2021-07-30T11:01:26Z DEBUG reqwest::connect] starting new connection: https://storage.namnium.work/
[2021-07-30T11:01:26Z DEBUG reqwest::async_impl::client] response '404 Not Found' for https://storage.namnium.work/remote.php/dav/files/for_develop/test2/target2.md
[2021-07-30T11:01:26Z DEBUG ncs::nc_listen] /test2/target2.md/
[2021-07-30T11:01:26Z DEBUG ncs::nc_listen] 
    /
    ├── test1/
    |   └── test1.md etag: Some("1e20c0ff2eb779d321f82773f41676ec")
    └── test2/
        ├── test2.md etag: Some("ec6c7087af24a6a803057e167a88d739")
        ├── *target2.md/
        └── *target.md/
    
[2021-07-30T11:01:26Z DEBUG ncs::nc_listen] Move /test2/target2.md => /test1
[2021-07-30T11:01:26Z DEBUG reqwest::connect] starting new connection: https://storage.namnium.work/
[2021-07-30T11:01:26Z DEBUG reqwest::async_impl::client] response '207 Multi-Status' for https://storage.namnium.work/remote.php/dav/files/for_develop/test1
[2021-07-30T11:01:26Z DEBUG ncs::nc_listen] target_name: test1
[2021-07-30T11:01:26Z DEBUG ncs::nc_listen] r_name: test1/
[2021-07-30T11:01:26Z DEBUG ncs::nc_listen] /test1/
[2021-07-30T11:01:26Z DEBUG ncs::nc_listen] try_fix_entry_type@move
[2021-07-30T11:01:26Z DEBUG reqwest::connect] starting new connection: https://storage.namnium.work/
[2021-07-30T11:01:27Z DEBUG reqwest::async_impl::client] response '207 Multi-Status' for https://storage.namnium.work/remote.php/dav/files/for_develop/test1
[2021-07-30T11:01:27Z DEBUG ncs::nc_listen] target_name: test1/
[2021-07-30T11:01:27Z DEBUG ncs::nc_listen] r_name: test1/
[2021-07-30T11:01:27Z DEBUG ncs::nc_listen] 指定されたファイルが見つかりません。 (os error 2)
[2021-07-30T11:01:27Z DEBUG ncs::nc_listen] 
    /
    ├── test1/
    |   ├── test1.md etag: Some("1e20c0ff2eb779d321f82773f41676ec")
    |   └── !target2.md/
    └── test2/
        ├── test2.md etag: Some("ec6c7087af24a6a803057e167a88d739")
        └── *target.md/
    
[2021-07-30T11:01:27Z DEBUG ncs::nc_listen] Create /test1/target3.md
[2021-07-30T11:01:27Z DEBUG reqwest::connect] starting new connection: https://storage.namnium.work/
[2021-07-30T11:01:27Z DEBUG reqwest::async_impl::client] response '404 Not Found' for https://storage.namnium.work/remote.php/dav/files/for_develop/test1/target3.md
[2021-07-30T11:01:27Z DEBUG ncs::nc_listen] /test1/target3.md/
[2021-07-30T11:01:27Z DEBUG ncs::nc_listen] 
    /
    ├── test1/
    |   ├── target3.md/
    |   ├── test1.md etag: Some("1e20c0ff2eb779d321f82773f41676ec")
    |   └── !target2.md/
    └── test2/
        ├── test2.md etag: Some("ec6c7087af24a6a803057e167a88d739")
        └── *target.md/
    
[2021-07-30T11:01:27Z DEBUG ncs::nc_listen] Move /test1/target3.md => /test2
[2021-07-30T11:01:27Z DEBUG reqwest::connect] starting new connection: https://storage.namnium.work/
[2021-07-30T11:01:27Z DEBUG reqwest::async_impl::client] response '207 Multi-Status' for https://storage.namnium.work/remote.php/dav/files/for_develop/test2
[2021-07-30T11:01:27Z DEBUG ncs::nc_listen] target_name: test2
[2021-07-30T11:01:27Z DEBUG ncs::nc_listen] r_name: test2/
[2021-07-30T11:01:27Z DEBUG ncs::nc_listen] /test2/
[2021-07-30T11:01:27Z DEBUG ncs::nc_listen] try_fix_entry_type@move
[2021-07-30T11:01:27Z DEBUG reqwest::connect] starting new connection: https://storage.namnium.work/
[2021-07-30T11:01:28Z DEBUG reqwest::async_impl::client] response '207 Multi-Status' for https://storage.namnium.work/remote.php/dav/files/for_develop/test2
[2021-07-30T11:01:28Z DEBUG ncs::nc_listen] target_name: test2/
[2021-07-30T11:01:28Z DEBUG ncs::nc_listen] r_name: test2/
[2021-07-30T11:01:28Z DEBUG ncs] 
    /
    ├── test1/
    |   ├── test1.md etag: Some("1e20c0ff2eb779d321f82773f41676ec")
    |   └── !target2.md/
    └── test2/
        ├── test2.md etag: Some("ec6c7087af24a6a803057e167a88d739")
        ├── *target3.md/
        └── *target.md/
    
[2021-07-30T11:01:28Z DEBUG ncs] [(Weak), (Weak), (Weak), (Weak)]
[2021-07-30T11:01:28Z DEBUG ncs] 
    /
    ├── test1/
    |   ├── test1.md etag: Some("1e20c0ff2eb779d321f82773f41676ec")
    |   └── !target2.md/
    └── test2/
        ├── test2.md etag: Some("ec6c7087af24a6a803057e167a88d739")
        ├── *target3.md/
        └── *target.md/
    
=================================================================================    Finished dev [unoptimized + debuginfo] target(s) in 0.12s
     Running `target\debug\ncs.exe update`
[2021-07-30T11:18:24Z DEBUG ncs] 95411
[2021-07-30T11:18:24Z DEBUG ncs] 
    /
    ├── test1/
    |   └── test1.md etag: Some("1e20c0ff2eb779d321f82773f41676ec")
    └── test2/
        └── test2.md etag: Some("ec6c7087af24a6a803057e167a88d739")
    
[2021-07-30T11:18:24Z DEBUG reqwest::connect] starting new connection: https://storage.namnium.work/
[2021-07-30T11:18:24Z DEBUG reqwest::async_impl::client] response '200 OK' for https://storage.namnium.work/ocs/v2.php/apps/activity/api/v2/activity/all?since=95411&sort=asc
[2021-07-30T11:18:24Z DEBUG ncs] Create("/test1/target.md")
[2021-07-30T11:18:24Z DEBUG ncs] Modify("/test1/target.md")
[2021-07-30T11:18:24Z DEBUG ncs] Move("/test1/target.md", "/test2")
[2021-07-30T11:18:24Z DEBUG ncs] Create("/test1/target2.md")
[2021-07-30T11:18:24Z DEBUG ncs] Modify("/test1/target2.md")
[2021-07-30T11:18:24Z DEBUG ncs] Move("/test1/target2.md", "/test2")
[2021-07-30T11:18:24Z DEBUG ncs] Modify("/test2/target2.md")
[2021-07-30T11:18:24Z DEBUG ncs] Move("/test2/target2.md", "/test1")
[2021-07-30T11:18:24Z DEBUG ncs] Create("/test1/target3.md")
[2021-07-30T11:18:24Z DEBUG ncs::nc_listen] 
    /
    ├── test1/
    |   └── test1.md etag: Some("1e20c0ff2eb779d321f82773f41676ec")
    └── test2/
        └── test2.md etag: Some("ec6c7087af24a6a803057e167a88d739")
    
[2021-07-30T11:18:24Z DEBUG ncs::nc_listen] Create /test1/target.md
[2021-07-30T11:18:24Z DEBUG reqwest::connect] starting new connection: https://storage.namnium.work/
[2021-07-30T11:18:24Z DEBUG reqwest::async_impl::client] response '404 Not Found' for https://storage.namnium.work/remote.php/dav/files/for_develop/test1/target.md
[2021-07-30T11:18:24Z DEBUG ncs::nc_listen] /test1/target.md/
[2021-07-30T11:18:24Z DEBUG ncs::nc_listen] 
    /
    ├── test1/
    |   ├── target.md/
    |   └── test1.md etag: Some("1e20c0ff2eb779d321f82773f41676ec")
    └── test2/
        └── test2.md etag: Some("ec6c7087af24a6a803057e167a88d739")
    
[2021-07-30T11:18:24Z DEBUG ncs::nc_listen] Modify /test1/target.md
[2021-07-30T11:18:24Z DEBUG reqwest::connect] starting new connection: https://storage.namnium.work/
[2021-07-30T11:18:25Z DEBUG reqwest::async_impl::client] response '404 Not Found' for https://storage.namnium.work/remote.php/dav/files/for_develop/test1/target.md
[2021-07-30T11:18:25Z DEBUG ncs::nc_listen] /test1/target.md/
[2021-07-30T11:18:25Z DEBUG ncs::nc_listen] 
    /
    ├── test1/
    |   ├── *target.md/
    |   └── test1.md etag: Some("1e20c0ff2eb779d321f82773f41676ec")
    └── test2/
        └── test2.md etag: Some("ec6c7087af24a6a803057e167a88d739")
    
[2021-07-30T11:18:25Z DEBUG ncs::nc_listen] Move /test1/target.md => /test2
[2021-07-30T11:18:25Z DEBUG reqwest::connect] starting new connection: https://storage.namnium.work/
[2021-07-30T11:18:25Z DEBUG reqwest::async_impl::client] response '207 Multi-Status' for https://storage.namnium.work/remote.php/dav/files/for_develop/test2
[2021-07-30T11:18:25Z DEBUG ncs::nc_listen] target_name: test2
[2021-07-30T11:18:25Z DEBUG ncs::nc_listen] r_name: test2/
[2021-07-30T11:18:25Z DEBUG ncs::nc_listen] /test2/
[2021-07-30T11:18:25Z DEBUG ncs::nc_listen] try_fix_entry_type@move
[2021-07-30T11:18:25Z DEBUG reqwest::connect] starting new connection: https://storage.namnium.work/
[2021-07-30T11:18:25Z DEBUG reqwest::async_impl::client] response '207 Multi-Status' for https://storage.namnium.work/remote.php/dav/files/for_develop/test2/target.md
[2021-07-30T11:18:25Z DEBUG ncs::nc_listen] target_name: target.md/
[2021-07-30T11:18:25Z DEBUG ncs::nc_listen] r_name: target.md
[2021-07-30T11:18:25Z DEBUG ncs::nc_listen] /test2/target.md
[2021-07-30T11:18:25Z DEBUG ncs::nc_listen] 既に存在するファイルを作成することはできません。 (os error 183)
[2021-07-30T11:18:25Z DEBUG ncs::nc_listen] 
    /
    ├── test1/
    |   └── test1.md etag: Some("1e20c0ff2eb779d321f82773f41676ec")
    └── test2/
        ├── !target.md etag: None
        └── test2.md etag: Some("ec6c7087af24a6a803057e167a88d739")
    
[2021-07-30T11:18:25Z DEBUG ncs::nc_listen] Create /test1/target2.md
[2021-07-30T11:18:25Z DEBUG reqwest::connect] starting new connection: https://storage.namnium.work/
[2021-07-30T11:18:26Z DEBUG reqwest::async_impl::client] response '207 Multi-Status' for https://storage.namnium.work/remote.php/dav/files/for_develop/test1/target2.md
[2021-07-30T11:18:26Z DEBUG ncs::nc_listen] target_name: target2.md
[2021-07-30T11:18:26Z DEBUG ncs::nc_listen] r_name: target2.md
[2021-07-30T11:18:26Z DEBUG ncs::nc_listen] 
    /
    ├── test1/
    |   ├── *target2.md etag: None
    |   └── test1.md etag: Some("1e20c0ff2eb779d321f82773f41676ec")
    └── test2/
        ├── !target.md etag: None
        └── test2.md etag: Some("ec6c7087af24a6a803057e167a88d739")
    
[2021-07-30T11:18:26Z DEBUG ncs::nc_listen] Modify /test1/target2.md
[2021-07-30T11:18:26Z DEBUG reqwest::connect] starting new connection: https://storage.namnium.work/
[2021-07-30T11:18:26Z DEBUG reqwest::async_impl::client] response '207 Multi-Status' for https://storage.namnium.work/remote.php/dav/files/for_develop/test1/target2.md
[2021-07-30T11:18:26Z DEBUG ncs::nc_listen] target_name: target2.md
[2021-07-30T11:18:26Z DEBUG ncs::nc_listen] r_name: target2.md
[2021-07-30T11:18:26Z DEBUG ncs::nc_listen] 
    /
    ├── test1/
    |   ├── *target2.md etag: None
    |   └── test1.md etag: Some("1e20c0ff2eb779d321f82773f41676ec")
    └── test2/
        ├── !target.md etag: None
        └── test2.md etag: Some("ec6c7087af24a6a803057e167a88d739")
    
[2021-07-30T11:18:26Z DEBUG ncs::nc_listen] Move /test1/target2.md => /test2
[2021-07-30T11:18:26Z DEBUG reqwest::connect] starting new connection: https://storage.namnium.work/
[2021-07-30T11:18:26Z DEBUG reqwest::async_impl::client] response '207 Multi-Status' for https://storage.namnium.work/remote.php/dav/files/for_develop/test2
[2021-07-30T11:18:26Z DEBUG ncs::nc_listen] target_name: test2
[2021-07-30T11:18:26Z DEBUG ncs::nc_listen] r_name: test2/
[2021-07-30T11:18:26Z DEBUG ncs::nc_listen] /test2/
[2021-07-30T11:18:26Z DEBUG ncs::nc_listen] try_fix_entry_type@move
[2021-07-30T11:18:26Z DEBUG reqwest::connect] starting new connection: https://storage.namnium.work/
[2021-07-30T11:18:26Z DEBUG reqwest::async_impl::client] response '404 Not Found' for https://storage.namnium.work/remote.php/dav/files/for_develop/test2/target2.md
[2021-07-30T11:18:26Z DEBUG ncs::nc_listen] 指定されたファイルが見つかりません。 (os error 2)
[2021-07-30T11:18:26Z DEBUG ncs::nc_listen] 
    /
    ├── test1/
    |   └── test1.md etag: Some("1e20c0ff2eb779d321f82773f41676ec")
    └── test2/
        ├── !target.md etag: None
        ├── !target2.md etag: None
        └── test2.md etag: Some("ec6c7087af24a6a803057e167a88d739")
    
[2021-07-30T11:18:26Z DEBUG ncs::nc_listen] Modify /test2/target2.md
[2021-07-30T11:18:26Z DEBUG reqwest::connect] starting new connection: https://storage.namnium.work/
[2021-07-30T11:18:27Z DEBUG reqwest::async_impl::client] response '404 Not Found' for https://storage.namnium.work/remote.php/dav/files/for_develop/test2/target2.md
[2021-07-30T11:18:27Z DEBUG ncs::nc_listen] /test2/target2.md/
[2021-07-30T11:18:27Z DEBUG ncs::nc_listen] try_fix_entry_type@modify
[2021-07-30T11:18:27Z DEBUG reqwest::connect] starting new connection: https://storage.namnium.work/
[2021-07-30T11:18:27Z DEBUG reqwest::async_impl::client] response '404 Not Found' for https://storage.namnium.work/remote.php/dav/files/for_develop/test2/target2.md
[2021-07-30T11:18:27Z DEBUG ncs::nc_listen] 
    /
    ├── test1/
    |   └── test1.md etag: Some("1e20c0ff2eb779d321f82773f41676ec")
    └── test2/
        ├── !target.md etag: None
        ├── *target2.md etag: None
        └── test2.md etag: Some("ec6c7087af24a6a803057e167a88d739")
    
[2021-07-30T11:18:27Z DEBUG ncs::nc_listen] Move /test2/target2.md => /test1
[2021-07-30T11:18:27Z DEBUG reqwest::connect] starting new connection: https://storage.namnium.work/
[2021-07-30T11:18:27Z DEBUG reqwest::async_impl::client] response '207 Multi-Status' for https://storage.namnium.work/remote.php/dav/files/for_develop/test1
[2021-07-30T11:18:27Z DEBUG ncs::nc_listen] target_name: test1
[2021-07-30T11:18:27Z DEBUG ncs::nc_listen] r_name: test1/
[2021-07-30T11:18:27Z DEBUG ncs::nc_listen] /test1/
[2021-07-30T11:18:27Z DEBUG ncs::nc_listen] try_fix_entry_type@move
[2021-07-30T11:18:27Z DEBUG reqwest::connect] starting new connection: https://storage.namnium.work/
[2021-07-30T11:18:28Z DEBUG reqwest::async_impl::client] response '207 Multi-Status' for https://storage.namnium.work/remote.php/dav/files/for_develop/test1/target2.md
[2021-07-30T11:18:28Z DEBUG ncs::nc_listen] target_name: target2.md
[2021-07-30T11:18:28Z DEBUG ncs::nc_listen] r_name: target2.md
[2021-07-30T11:18:28Z DEBUG ncs::nc_listen] 指定されたファイルが見つかりません。 (os error 2)
[2021-07-30T11:18:28Z DEBUG ncs::nc_listen] 
    /
    ├── test1/
    |   ├── !target2.md etag: None
    |   └── test1.md etag: Some("1e20c0ff2eb779d321f82773f41676ec")
    └── test2/
        ├── !target.md etag: None
        └── test2.md etag: Some("ec6c7087af24a6a803057e167a88d739")
    
[2021-07-30T11:18:28Z DEBUG ncs::nc_listen] Create /test1/target3.md
[2021-07-30T11:18:28Z DEBUG reqwest::connect] starting new connection: https://storage.namnium.work/
[2021-07-30T11:18:28Z DEBUG reqwest::async_impl::client] response '207 Multi-Status' for https://storage.namnium.work/remote.php/dav/files/for_develop/test1/target3.md
[2021-07-30T11:18:28Z DEBUG ncs::nc_listen] target_name: target3.md
[2021-07-30T11:18:28Z DEBUG ncs::nc_listen] r_name: target3.md
[2021-07-30T11:18:28Z DEBUG ncs] 
    /
    ├── test1/
    |   ├── !target2.md etag: None
    |   ├── *target3.md etag: None
    |   └── test1.md etag: Some("1e20c0ff2eb779d321f82773f41676ec")
    └── test2/
        ├── !target.md etag: None
        └── test2.md etag: Some("ec6c7087af24a6a803057e167a88d739")
    
[2021-07-30T11:18:28Z DEBUG ncs] [(Weak), (Weak), (Weak), (Weak), (Weak), (Weak)]
[2021-07-30T11:18:28Z DEBUG reqwest::connect] starting new connection: https://storage.namnium.work/
[2021-07-30T11:18:28Z DEBUG reqwest::async_impl::client] response '207 Multi-Status' for https://storage.namnium.work/remote.php/dav/files/for_develop/test2/target.md
[2021-07-30T11:18:28Z DEBUG ncs::nc_listen] target_name: target.md
[2021-07-30T11:18:28Z DEBUG ncs::nc_listen] r_name: target.md
[2021-07-30T11:18:28Z DEBUG ncs::nc_listen] Need to download.
[2021-07-30T11:18:28Z DEBUG reqwest::connect] starting new connection: https://storage.namnium.work/
[2021-07-30T11:18:29Z DEBUG reqwest::async_impl::client] response '200 OK' for https://storage.namnium.work/remote.php/dav/files/for_develop/test2/target.md
[2021-07-30T11:18:29Z DEBUG reqwest::connect] starting new connection: https://storage.namnium.work/
[2021-07-30T11:18:29Z DEBUG reqwest::async_impl::client] response '207 Multi-Status' for https://storage.namnium.work/remote.php/dav/files/for_develop/test2/target.md
[2021-07-30T11:18:29Z DEBUG ncs::nc_listen] target_name: target.md
[2021-07-30T11:18:29Z DEBUG ncs::nc_listen] r_name: target.md
[2021-07-30T11:18:29Z DEBUG reqwest::connect] starting new connection: https://storage.namnium.work/
[2021-07-30T11:18:29Z DEBUG reqwest::async_impl::client] response '207 Multi-Status' for https://storage.namnium.work/remote.php/dav/files/for_develop/test1/target2.md
[2021-07-30T11:18:29Z DEBUG ncs::nc_listen] target_name: target2.md
[2021-07-30T11:18:29Z DEBUG ncs::nc_listen] r_name: target2.md
[2021-07-30T11:18:29Z DEBUG ncs::nc_listen] Need to download.
[2021-07-30T11:18:29Z DEBUG reqwest::connect] starting new connection: https://storage.namnium.work/
[2021-07-30T11:18:30Z DEBUG reqwest::async_impl::client] response '200 OK' for https://storage.namnium.work/remote.php/dav/files/for_develop/test1/target2.md
[2021-07-30T11:18:30Z DEBUG reqwest::connect] starting new connection: https://storage.namnium.work/
[2021-07-30T11:18:30Z DEBUG reqwest::async_impl::client] response '207 Multi-Status' for https://storage.namnium.work/remote.php/dav/files/for_develop/test1/target2.md
[2021-07-30T11:18:30Z DEBUG ncs::nc_listen] target_name: target2.md
[2021-07-30T11:18:30Z DEBUG ncs::nc_listen] r_name: target2.md
[2021-07-30T11:18:30Z DEBUG reqwest::connect] starting new connection: https://storage.namnium.work/
[2021-07-30T11:18:30Z DEBUG reqwest::async_impl::client] response '207 Multi-Status' for https://storage.namnium.work/remote.php/dav/files/for_develop/test1/target2.md
[2021-07-30T11:18:30Z DEBUG ncs::nc_listen] target_name: target2.md
[2021-07-30T11:18:30Z DEBUG ncs::nc_listen] r_name: target2.md
[2021-07-30T11:18:30Z DEBUG reqwest::connect] starting new connection: https://storage.namnium.work/
[2021-07-30T11:18:30Z DEBUG reqwest::async_impl::client] response '207 Multi-Status' for https://storage.namnium.work/remote.php/dav/files/for_develop/test1/target3.md
[2021-07-30T11:18:30Z DEBUG ncs::nc_listen] target_name: target3.md
[2021-07-30T11:18:30Z DEBUG ncs::nc_listen] r_name: target3.md
[2021-07-30T11:18:30Z DEBUG ncs::nc_listen] Need to download.
[2021-07-30T11:18:30Z DEBUG reqwest::connect] starting new connection: https://storage.namnium.work/
[2021-07-30T11:18:31Z DEBUG reqwest::async_impl::client] response '200 OK' for https://storage.namnium.work/remote.php/dav/files/for_develop/test1/target3.md
[2021-07-30T11:18:31Z DEBUG ncs] 
    /
    ├── test1/
    |   ├── target2.md etag: Some("af15656ced70faccef40d01b7848e749")
    |   ├── target3.md etag: Some("c4ce87bbbcefb845149c8d41d669a039")
    |   └── test1.md etag: Some("1e20c0ff2eb779d321f82773f41676ec")
    └── test2/
        ├── target.md etag: Some("240d37e35ea71a897769ad29e359c922")
        └── test2.md etag: Some("ec6c7087af24a6a803057e167a88d739")
    
============================================================================================    Finished dev [unoptimized + debuginfo] target(s) in 0.12s
     Running `target\debug\ncs.exe update`
[2021-07-30T11:43:09Z DEBUG ncs] 95424
[2021-07-30T11:43:09Z DEBUG ncs] 
    /
    ├── test1/
    |   └── test1.md etag: Some("1e20c0ff2eb779d321f82773f41676ec")
    └── test2/
        └── test2.md etag: Some("ec6c7087af24a6a803057e167a88d739")
    
[2021-07-30T11:43:09Z DEBUG reqwest::connect] starting new connection: https://storage.namnium.work/
[2021-07-30T11:43:09Z DEBUG reqwest::async_impl::client] response '200 OK' for https://storage.namnium.work/ocs/v2.php/apps/activity/api/v2/activity/all?since=95424&sort=asc
[2021-07-30T11:43:09Z DEBUG ncs] Create("/test1/target.md")
[2021-07-30T11:43:09Z DEBUG ncs] Modify("/test1/target.md")
[2021-07-30T11:43:09Z DEBUG ncs] Move("/test1/target.md", "/test2")
[2021-07-30T11:43:09Z DEBUG ncs] Create("/test1/target2.md")
[2021-07-30T11:43:09Z DEBUG ncs] Modify("/test1/target2.md")
[2021-07-30T11:43:09Z DEBUG ncs] Move("/test1/target2.md", "/test2")
[2021-07-30T11:43:09Z DEBUG ncs] Modify("/test2/target2.md")
[2021-07-30T11:43:09Z DEBUG ncs] Move("/test2/target2.md", "/test1")
[2021-07-30T11:43:09Z DEBUG ncs] Create("/test1/target3.md")
[2021-07-30T11:43:09Z DEBUG ncs] Move("/test1/target3.md", "/test2")
[2021-07-30T11:43:09Z DEBUG ncs::nc_listen] 
    /
    ├── test1/
    |   └── test1.md etag: Some("1e20c0ff2eb779d321f82773f41676ec")
    └── test2/
        └── test2.md etag: Some("ec6c7087af24a6a803057e167a88d739")
    
[2021-07-30T11:43:09Z DEBUG ncs::nc_listen] Create /test1/target.md
[2021-07-30T11:43:09Z DEBUG reqwest::connect] starting new connection: https://storage.namnium.work/
[2021-07-30T11:43:09Z DEBUG reqwest::async_impl::client] response '404 Not Found' for https://storage.namnium.work/remote.php/dav/files/for_develop/test1/target.md
[2021-07-30T11:43:09Z DEBUG ncs::nc_listen] /test1/target.md/
[2021-07-30T11:43:09Z DEBUG ncs::fileope] c:/Users/namn/Desktop/test_dir/test1/target.md/
[2021-07-30T11:43:09Z DEBUG ncs::fileope] c:/Users/namn/Desktop/test_dir/test1/target.md/
[2021-07-30T11:43:09Z DEBUG ncs::nc_listen] 
    /
    ├── test1/
    |   ├── target.md/
    |   └── test1.md etag: Some("1e20c0ff2eb779d321f82773f41676ec")
    └── test2/
        └── test2.md etag: Some("ec6c7087af24a6a803057e167a88d739")
    
[2021-07-30T11:43:09Z DEBUG ncs::nc_listen] Modify /test1/target.md
[2021-07-30T11:43:09Z DEBUG reqwest::connect] starting new connection: https://storage.namnium.work/
[2021-07-30T11:43:10Z DEBUG reqwest::async_impl::client] response '404 Not Found' for https://storage.namnium.work/remote.php/dav/files/for_develop/test1/target.md
[2021-07-30T11:43:10Z DEBUG ncs::nc_listen] /test1/target.md/
[2021-07-30T11:43:10Z DEBUG ncs::nc_listen] 
    /
    ├── test1/
    |   ├── *target.md/
    |   └── test1.md etag: Some("1e20c0ff2eb779d321f82773f41676ec")
    └── test2/
        └── test2.md etag: Some("ec6c7087af24a6a803057e167a88d739")
    
[2021-07-30T11:43:10Z DEBUG ncs::nc_listen] Move /test1/target.md => /test2
[2021-07-30T11:43:10Z DEBUG reqwest::connect] starting new connection: https://storage.namnium.work/
[2021-07-30T11:43:10Z DEBUG reqwest::async_impl::client] response '207 Multi-Status' for https://storage.namnium.work/remote.php/dav/files/for_develop/test2
[2021-07-30T11:43:10Z DEBUG ncs::nc_listen] target_name: test2
[2021-07-30T11:43:10Z DEBUG ncs::nc_listen] r_name: test2/
[2021-07-30T11:43:10Z DEBUG ncs::nc_listen] /test2/
[2021-07-30T11:43:10Z DEBUG ncs::nc_listen] try_fix_entry_type@move
[2021-07-30T11:43:10Z DEBUG reqwest::connect] starting new connection: https://storage.namnium.work/
[2021-07-30T11:43:10Z DEBUG reqwest::async_impl::client] response '207 Multi-Status' for https://storage.namnium.work/remote.php/dav/files/for_develop/test2/target.md
[2021-07-30T11:43:10Z DEBUG ncs::nc_listen] target_name: target.md/
[2021-07-30T11:43:10Z DEBUG ncs::nc_listen] r_name: target.md
[2021-07-30T11:43:10Z DEBUG ncs::nc_listen] /test2/target.md
[2021-07-30T11:43:10Z DEBUG ncs::fileope] c:/Users/namn/Desktop/test_dir/test2/target.md
[2021-07-30T11:43:10Z DEBUG ncs::fileope] c:/Users/namn/Desktop/test_dir/test2/target.md
[2021-07-30T11:43:10Z DEBUG ncs::fileope] c:/Users/namn/Desktop/test_dir/test1/target.md/ => c:/Users/namn/Desktop/test_dir/test2/
[2021-07-30T11:43:10Z DEBUG ncs::nc_listen] 既に存在するファイルを作成することはできません。 (os error 183)
[2021-07-30T11:43:10Z DEBUG ncs::nc_listen] 
    /
    ├── test1/
    |   └── test1.md etag: Some("1e20c0ff2eb779d321f82773f41676ec")
    └── test2/
        ├── !target.md etag: None
        └── test2.md etag: Some("ec6c7087af24a6a803057e167a88d739")
    
[2021-07-30T11:43:10Z DEBUG ncs::nc_listen] Create /test1/target2.md
[2021-07-30T11:43:10Z DEBUG reqwest::connect] starting new connection: https://storage.namnium.work/
[2021-07-30T11:43:11Z DEBUG reqwest::async_impl::client] response '207 Multi-Status' for https://storage.namnium.work/remote.php/dav/files/for_develop/test1/target2.md
[2021-07-30T11:43:11Z DEBUG ncs::nc_listen] target_name: target2.md
[2021-07-30T11:43:11Z DEBUG ncs::nc_listen] r_name: target2.md
[2021-07-30T11:43:11Z DEBUG ncs::nc_listen] 
    /
    ├── test1/
    |   ├── test1.md etag: Some("1e20c0ff2eb779d321f82773f41676ec")
    |   └── *target2.md etag: None
    └── test2/
        ├── !target.md etag: None
        └── test2.md etag: Some("ec6c7087af24a6a803057e167a88d739")
    
[2021-07-30T11:43:11Z DEBUG ncs::nc_listen] Modify /test1/target2.md
[2021-07-30T11:43:11Z DEBUG reqwest::connect] starting new connection: https://storage.namnium.work/
[2021-07-30T11:43:11Z DEBUG reqwest::async_impl::client] response '207 Multi-Status' for https://storage.namnium.work/remote.php/dav/files/for_develop/test1/target2.md
[2021-07-30T11:43:11Z DEBUG ncs::nc_listen] target_name: target2.md
[2021-07-30T11:43:11Z DEBUG ncs::nc_listen] r_name: target2.md
[2021-07-30T11:43:11Z DEBUG ncs::nc_listen] 
    /
    ├── test1/
    |   ├── test1.md etag: Some("1e20c0ff2eb779d321f82773f41676ec")
    |   └── *target2.md etag: None
    └── test2/
        ├── !target.md etag: None
        └── test2.md etag: Some("ec6c7087af24a6a803057e167a88d739")
    
[2021-07-30T11:43:11Z DEBUG ncs::nc_listen] Move /test1/target2.md => /test2
[2021-07-30T11:43:11Z DEBUG reqwest::connect] starting new connection: https://storage.namnium.work/
[2021-07-30T11:43:11Z DEBUG reqwest::async_impl::client] response '207 Multi-Status' for https://storage.namnium.work/remote.php/dav/files/for_develop/test2
[2021-07-30T11:43:11Z DEBUG ncs::nc_listen] target_name: test2
[2021-07-30T11:43:11Z DEBUG ncs::nc_listen] r_name: test2/
[2021-07-30T11:43:11Z DEBUG ncs::nc_listen] /test2/
[2021-07-30T11:43:11Z DEBUG ncs::nc_listen] try_fix_entry_type@move
[2021-07-30T11:43:11Z DEBUG reqwest::connect] starting new connection: https://storage.namnium.work/
[2021-07-30T11:43:12Z DEBUG reqwest::async_impl::client] response '404 Not Found' for https://storage.namnium.work/remote.php/dav/files/for_develop/test2/target2.md
[2021-07-30T11:43:12Z DEBUG ncs::fileope] c:/Users/namn/Desktop/test_dir/test1/target2.md => c:/Users/namn/Desktop/test_dir/test2/
[2021-07-30T11:43:12Z DEBUG ncs::nc_listen] 指定されたファイルが見つかりません。 (os error 2)
[2021-07-30T11:43:12Z DEBUG ncs::nc_listen] 
    /
    ├── test1/
    |   └── test1.md etag: Some("1e20c0ff2eb779d321f82773f41676ec")
    └── test2/
        ├── !target.md etag: None
        ├── test2.md etag: Some("ec6c7087af24a6a803057e167a88d739")
        └── !target2.md etag: None
    
[2021-07-30T11:43:12Z DEBUG ncs::nc_listen] Modify /test2/target2.md
[2021-07-30T11:43:12Z DEBUG reqwest::connect] starting new connection: https://storage.namnium.work/
[2021-07-30T11:43:12Z DEBUG reqwest::async_impl::client] response '404 Not Found' for https://storage.namnium.work/remote.php/dav/files/for_develop/test2/target2.md
[2021-07-30T11:43:12Z DEBUG ncs::nc_listen] /test2/target2.md/
[2021-07-30T11:43:12Z DEBUG ncs::nc_listen] try_fix_entry_type@modify
[2021-07-30T11:43:12Z DEBUG reqwest::connect] starting new connection: https://storage.namnium.work/
[2021-07-30T11:43:12Z DEBUG reqwest::async_impl::client] response '404 Not Found' for https://storage.namnium.work/remote.php/dav/files/for_develop/test2/target2.md
[2021-07-30T11:43:12Z DEBUG ncs::nc_listen] 
    /
    ├── test1/
    |   └── test1.md etag: Some("1e20c0ff2eb779d321f82773f41676ec")
    └── test2/
        ├── !target.md etag: None
        ├── test2.md etag: Some("ec6c7087af24a6a803057e167a88d739")
        └── *target2.md etag: None
    
[2021-07-30T11:43:12Z DEBUG ncs::nc_listen] Move /test2/target2.md => /test1
[2021-07-30T11:43:12Z DEBUG reqwest::connect] starting new connection: https://storage.namnium.work/
[2021-07-30T11:43:13Z DEBUG reqwest::async_impl::client] response '207 Multi-Status' for https://storage.namnium.work/remote.php/dav/files/for_develop/test1
[2021-07-30T11:43:13Z DEBUG ncs::nc_listen] target_name: test1
[2021-07-30T11:43:13Z DEBUG ncs::nc_listen] r_name: test1/
[2021-07-30T11:43:13Z DEBUG ncs::nc_listen] /test1/
[2021-07-30T11:43:13Z DEBUG ncs::nc_listen] try_fix_entry_type@move
[2021-07-30T11:43:13Z DEBUG reqwest::connect] starting new connection: https://storage.namnium.work/
[2021-07-30T11:43:13Z DEBUG reqwest::async_impl::client] response '207 Multi-Status' for https://storage.namnium.work/remote.php/dav/files/for_develop/test1/target2.md
[2021-07-30T11:43:13Z DEBUG ncs::nc_listen] target_name: target2.md
[2021-07-30T11:43:13Z DEBUG ncs::nc_listen] r_name: target2.md
[2021-07-30T11:43:13Z DEBUG ncs::fileope] c:/Users/namn/Desktop/test_dir/test2/target2.md => c:/Users/namn/Desktop/test_dir/test1/
[2021-07-30T11:43:13Z DEBUG ncs::nc_listen] 指定されたファイルが見つかりません。 (os error 2)
[2021-07-30T11:43:13Z DEBUG ncs::nc_listen] 
    /
    ├── test1/
    |   ├── test1.md etag: Some("1e20c0ff2eb779d321f82773f41676ec")
    |   └── !target2.md etag: None
    └── test2/
        ├── !target.md etag: None
        └── test2.md etag: Some("ec6c7087af24a6a803057e167a88d739")
    
[2021-07-30T11:43:13Z DEBUG ncs::nc_listen] Create /test1/target3.md
[2021-07-30T11:43:13Z DEBUG reqwest::connect] starting new connection: https://storage.namnium.work/
[2021-07-30T11:43:13Z DEBUG reqwest::async_impl::client] response '404 Not Found' for https://storage.namnium.work/remote.php/dav/files/for_develop/test1/target3.md
[2021-07-30T11:43:13Z DEBUG ncs::nc_listen] /test1/target3.md/
[2021-07-30T11:43:13Z DEBUG ncs::fileope] c:/Users/namn/Desktop/test_dir/test1/target3.md/
[2021-07-30T11:43:13Z DEBUG ncs::fileope] c:/Users/namn/Desktop/test_dir/test1/target3.md/
[2021-07-30T11:43:13Z DEBUG ncs::nc_listen] 
    /
    ├── test1/
    |   ├── target3.md/
    |   ├── test1.md etag: Some("1e20c0ff2eb779d321f82773f41676ec")
    |   └── !target2.md etag: None
    └── test2/
        ├── !target.md etag: None
        └── test2.md etag: Some("ec6c7087af24a6a803057e167a88d739")
    
[2021-07-30T11:43:13Z DEBUG ncs::nc_listen] Move /test1/target3.md => /test2
[2021-07-30T11:43:13Z DEBUG reqwest::connect] starting new connection: https://storage.namnium.work/
[2021-07-30T11:43:14Z DEBUG reqwest::async_impl::client] response '207 Multi-Status' for https://storage.namnium.work/remote.php/dav/files/for_develop/test2
[2021-07-30T11:43:14Z DEBUG ncs::nc_listen] target_name: test2
[2021-07-30T11:43:14Z DEBUG ncs::nc_listen] r_name: test2/
[2021-07-30T11:43:14Z DEBUG ncs::nc_listen] /test2/
[2021-07-30T11:43:14Z DEBUG ncs::nc_listen] try_fix_entry_type@move
[2021-07-30T11:43:14Z DEBUG reqwest::connect] starting new connection: https://storage.namnium.work/
[2021-07-30T11:43:14Z DEBUG reqwest::async_impl::client] response '207 Multi-Status' for https://storage.namnium.work/remote.php/dav/files/for_develop/test2/target3.md
[2021-07-30T11:43:14Z DEBUG ncs::nc_listen] target_name: target3.md/
[2021-07-30T11:43:14Z DEBUG ncs::nc_listen] r_name: target3.md
[2021-07-30T11:43:14Z DEBUG ncs::nc_listen] /test2/target3.md
[2021-07-30T11:43:14Z DEBUG ncs::fileope] c:/Users/namn/Desktop/test_dir/test2/target3.md
[2021-07-30T11:43:14Z DEBUG ncs::fileope] c:/Users/namn/Desktop/test_dir/test2/target3.md
[2021-07-30T11:43:14Z DEBUG ncs::fileope] c:/Users/namn/Desktop/test_dir/test1/target3.md/ => c:/Users/namn/Desktop/test_dir/test2/
[2021-07-30T11:43:14Z DEBUG ncs::nc_listen] 既に存在するファイルを作成することはできません。 (os error 183)
[2021-07-30T11:43:14Z DEBUG ncs] 
    /
    ├── test1/
    |   ├── test1.md etag: Some("1e20c0ff2eb779d321f82773f41676ec")
    |   └── !target2.md etag: None
    └── test2/
        ├── !target.md etag: None
        ├── test2.md etag: Some("ec6c7087af24a6a803057e167a88d739")
        └── !target3.md etag: None
    
[2021-07-30T11:43:14Z DEBUG ncs] [(Weak), (Weak), (Weak), (Weak), (Weak), (Weak), (Weak)]
[2021-07-30T11:43:14Z DEBUG reqwest::connect] starting new connection: https://storage.namnium.work/
[2021-07-30T11:43:14Z DEBUG reqwest::async_impl::client] response '207 Multi-Status' for https://storage.namnium.work/remote.php/dav/files/for_develop/test2/target.md
[2021-07-30T11:43:14Z DEBUG ncs::nc_listen] target_name: target.md
[2021-07-30T11:43:14Z DEBUG ncs::nc_listen] r_name: target.md
[2021-07-30T11:43:14Z DEBUG ncs::nc_listen] Need to download.
[2021-07-30T11:43:14Z DEBUG reqwest::connect] starting new connection: https://storage.namnium.work/
[2021-07-30T11:43:15Z DEBUG reqwest::async_impl::client] response '200 OK' for https://storage.namnium.work/remote.php/dav/files/for_develop/test2/target.md
[2021-07-30T11:43:15Z DEBUG ncs::fileope] c:/Users/namn/Desktop/test_dir/test2/target.md
[2021-07-30T11:43:15Z DEBUG reqwest::connect] starting new connection: https://storage.namnium.work/
[2021-07-30T11:43:15Z DEBUG reqwest::async_impl::client] response '207 Multi-Status' for https://storage.namnium.work/remote.php/dav/files/for_develop/test2/target.md
[2021-07-30T11:43:15Z DEBUG ncs::nc_listen] target_name: target.md
[2021-07-30T11:43:15Z DEBUG ncs::nc_listen] r_name: target.md
[2021-07-30T11:43:15Z DEBUG reqwest::connect] starting new connection: https://storage.namnium.work/
[2021-07-30T11:43:15Z DEBUG reqwest::async_impl::client] response '207 Multi-Status' for https://storage.namnium.work/remote.php/dav/files/for_develop/test1/target2.md
[2021-07-30T11:43:15Z DEBUG ncs::nc_listen] target_name: target2.md
[2021-07-30T11:43:15Z DEBUG ncs::nc_listen] r_name: target2.md
[2021-07-30T11:43:15Z DEBUG ncs::nc_listen] Need to download.
[2021-07-30T11:43:15Z DEBUG reqwest::connect] starting new connection: https://storage.namnium.work/
[2021-07-30T11:43:16Z DEBUG reqwest::async_impl::client] response '200 OK' for https://storage.namnium.work/remote.php/dav/files/for_develop/test1/target2.md
[2021-07-30T11:43:16Z DEBUG ncs::fileope] c:/Users/namn/Desktop/test_dir/test1/target2.md
[2021-07-30T11:43:16Z DEBUG reqwest::connect] starting new connection: https://storage.namnium.work/
[2021-07-30T11:43:16Z DEBUG reqwest::async_impl::client] response '207 Multi-Status' for https://storage.namnium.work/remote.php/dav/files/for_develop/test1/target2.md
[2021-07-30T11:43:16Z DEBUG ncs::nc_listen] target_name: target2.md
[2021-07-30T11:43:16Z DEBUG ncs::nc_listen] r_name: target2.md
[2021-07-30T11:43:16Z DEBUG reqwest::connect] starting new connection: https://storage.namnium.work/
[2021-07-30T11:43:16Z DEBUG reqwest::async_impl::client] response '207 Multi-Status' for https://storage.namnium.work/remote.php/dav/files/for_develop/test1/target2.md
[2021-07-30T11:43:16Z DEBUG ncs::nc_listen] target_name: target2.md
[2021-07-30T11:43:16Z DEBUG ncs::nc_listen] r_name: target2.md
[2021-07-30T11:43:16Z DEBUG reqwest::connect] starting new connection: https://storage.namnium.work/
[2021-07-30T11:43:17Z DEBUG reqwest::async_impl::client] response '207 Multi-Status' for https://storage.namnium.work/remote.php/dav/files/for_develop/test2/target3.md
[2021-07-30T11:43:17Z DEBUG ncs::nc_listen] target_name: target3.md
[2021-07-30T11:43:17Z DEBUG ncs::nc_listen] r_name: target3.md
[2021-07-30T11:43:17Z DEBUG ncs::nc_listen] Need to download.
[2021-07-30T11:43:17Z DEBUG reqwest::connect] starting new connection: https://storage.namnium.work/
[2021-07-30T11:43:17Z DEBUG reqwest::async_impl::client] response '200 OK' for https://storage.namnium.work/remote.php/dav/files/for_develop/test2/target3.md
[2021-07-30T11:43:17Z DEBUG ncs::fileope] c:/Users/namn/Desktop/test_dir/test2/target3.md
[2021-07-30T11:43:17Z DEBUG reqwest::connect] starting new connection: https://storage.namnium.work/
[2021-07-30T11:43:17Z DEBUG reqwest::async_impl::client] response '207 Multi-Status' for https://storage.namnium.work/remote.php/dav/files/for_develop/test2/target3.md
[2021-07-30T11:43:17Z DEBUG ncs::nc_listen] target_name: target3.md
[2021-07-30T11:43:17Z DEBUG ncs::nc_listen] r_name: target3.md
[2021-07-30T11:43:17Z DEBUG ncs] 
    /
    ├── test1/
    |   ├── test1.md etag: Some("1e20c0ff2eb779d321f82773f41676ec")
    |   └── target2.md etag: Some("131528e7106c3244c1e6cd64efcdd739")
    └── test2/
        ├── target.md etag: Some("acbae6a1c6fb166f299957b62261eb64")
        ├── test2.md etag: Some("ec6c7087af24a6a803057e167a88d739")
        └── target3.md etag: Some("940dfdaa1af1edcf0d5389dcbb4d0ad0")
    
================================================================================================    Finished dev [unoptimized + debuginfo] target(s) in 0.12s
     Running `target\debug\ncs.exe update`
[2021-07-30T11:58:15Z DEBUG ncs] 95439
[2021-07-30T11:58:15Z DEBUG ncs] 
    /
    ├── test1/
    |   └── test1.md etag: Some("1e20c0ff2eb779d321f82773f41676ec")
    └── test2/
        └── test2.md etag: Some("ec6c7087af24a6a803057e167a88d739")
    
[2021-07-30T11:58:15Z DEBUG reqwest::connect] starting new connection: https://storage.namnium.work/
[2021-07-30T11:58:15Z DEBUG reqwest::async_impl::client] response '200 OK' for https://storage.namnium.work/ocs/v2.php/apps/activity/api/v2/activity/all?since=95439&sort=asc
[2021-07-30T11:58:15Z DEBUG ncs] Create("/test1/target.md")
[2021-07-30T11:58:15Z DEBUG ncs] Modify("/test1/target.md")
[2021-07-30T11:58:15Z DEBUG ncs] Move("/test1/target.md", "/test2")
[2021-07-30T11:58:15Z DEBUG ncs] Create("/test1/target2.md")
[2021-07-30T11:58:15Z DEBUG ncs] Modify("/test1/target2.md")
[2021-07-30T11:58:15Z DEBUG ncs] Move("/test1/target2.md", "/test2")
[2021-07-30T11:58:15Z DEBUG ncs] Modify("/test2/target2.md")
[2021-07-30T11:58:15Z DEBUG ncs] Move("/test2/target2.md", "/test1")
[2021-07-30T11:58:15Z DEBUG ncs] Create("/test1/target3.md")
[2021-07-30T11:58:15Z DEBUG ncs] Move("/test1/target3.md", "/test2")
[2021-07-30T11:58:15Z DEBUG ncs::nc_listen] 
    /
    ├── test1/
    |   └── test1.md etag: Some("1e20c0ff2eb779d321f82773f41676ec")
    └── test2/
        └── test2.md etag: Some("ec6c7087af24a6a803057e167a88d739")
    
[2021-07-30T11:58:15Z DEBUG ncs::nc_listen] Create /test1/target.md
[2021-07-30T11:58:15Z DEBUG reqwest::connect] starting new connection: https://storage.namnium.work/
[2021-07-30T11:58:16Z DEBUG reqwest::async_impl::client] response '404 Not Found' for https://storage.namnium.work/remote.php/dav/files/for_develop/test1/target.md
[2021-07-30T11:58:16Z DEBUG ncs::nc_listen] /test1/target.md/
[2021-07-30T11:58:16Z DEBUG ncs::fileope] touch_entry: c:/Users/namn/Desktop/test_dir/test1/target.md/
[2021-07-30T11:58:16Z DEBUG ncs::fileope] create_dir_all: c:/Users/namn/Desktop/test_dir/test1/target.md/
[2021-07-30T11:58:16Z DEBUG ncs::nc_listen] 
    /
    ├── test1/
    |   ├── target.md/
    |   └── test1.md etag: Some("1e20c0ff2eb779d321f82773f41676ec")
    └── test2/
        └── test2.md etag: Some("ec6c7087af24a6a803057e167a88d739")
    
[2021-07-30T11:58:16Z DEBUG ncs::nc_listen] Modify /test1/target.md
[2021-07-30T11:58:16Z DEBUG reqwest::connect] starting new connection: https://storage.namnium.work/
[2021-07-30T11:58:16Z DEBUG reqwest::async_impl::client] response '404 Not Found' for https://storage.namnium.work/remote.php/dav/files/for_develop/test1/target.md
[2021-07-30T11:58:16Z DEBUG ncs::nc_listen] /test1/target.md/
[2021-07-30T11:58:16Z DEBUG ncs::nc_listen] 
    /
    ├── test1/
    |   ├── *target.md/
    |   └── test1.md etag: Some("1e20c0ff2eb779d321f82773f41676ec")
    └── test2/
        └── test2.md etag: Some("ec6c7087af24a6a803057e167a88d739")
    
[2021-07-30T11:58:16Z DEBUG ncs::nc_listen] Move /test1/target.md => /test2
[2021-07-30T11:58:16Z DEBUG reqwest::connect] starting new connection: https://storage.namnium.work/
[2021-07-30T11:58:16Z DEBUG reqwest::async_impl::client] response '207 Multi-Status' for https://storage.namnium.work/remote.php/dav/files/for_develop/test2
[2021-07-30T11:58:16Z DEBUG ncs::nc_listen] target_name: test2
[2021-07-30T11:58:16Z DEBUG ncs::nc_listen] r_name: test2/
[2021-07-30T11:58:16Z DEBUG ncs::nc_listen] /test2/
[2021-07-30T11:58:16Z DEBUG ncs::fileope] move_entry: c:/Users/namn/Desktop/test_dir/test1/target.md/ => c:/Users/namn/Desktop/test_dir/test2/
[2021-07-30T11:58:16Z DEBUG ncs::nc_listen] try_fix_entry_type@move
[2021-07-30T11:58:16Z DEBUG reqwest::connect] starting new connection: https://storage.namnium.work/
[2021-07-30T11:58:17Z DEBUG reqwest::async_impl::client] response '207 Multi-Status' for https://storage.namnium.work/remote.php/dav/files/for_develop/test2/target.md
[2021-07-30T11:58:17Z DEBUG ncs::nc_listen] target_name: target.md/
[2021-07-30T11:58:17Z DEBUG ncs::nc_listen] r_name: target.md
[2021-07-30T11:58:17Z DEBUG ncs::nc_listen] /test2/target.md
[2021-07-30T11:58:17Z DEBUG ncs::fileope] remove_entry: c:/Users/namn/Desktop/test_dir/test2/target.md
[2021-07-30T11:58:17Z DEBUG ncs::fileope] touch_entry: c:/Users/namn/Desktop/test_dir/test2/target.md
[2021-07-30T11:58:17Z DEBUG ncs::nc_listen] 
    /
    ├── test1/
    |   └── test1.md etag: Some("1e20c0ff2eb779d321f82773f41676ec")
    └── test2/
        ├── *target.md etag: None
        └── test2.md etag: Some("ec6c7087af24a6a803057e167a88d739")
    
[2021-07-30T11:58:17Z DEBUG ncs::nc_listen] Create /test1/target2.md
[2021-07-30T11:58:17Z DEBUG reqwest::connect] starting new connection: https://storage.namnium.work/
[2021-07-30T11:58:17Z DEBUG reqwest::async_impl::client] response '207 Multi-Status' for https://storage.namnium.work/remote.php/dav/files/for_develop/test1/target2.md
[2021-07-30T11:58:17Z DEBUG ncs::nc_listen] target_name: target2.md
[2021-07-30T11:58:17Z DEBUG ncs::nc_listen] r_name: target2.md
[2021-07-30T11:58:17Z DEBUG ncs::fileope] touch_entry: c:/Users/namn/Desktop/test_dir/test1/target2.md
[2021-07-30T11:58:17Z DEBUG ncs::nc_listen] 
    /
    ├── test1/
    |   ├── test1.md etag: Some("1e20c0ff2eb779d321f82773f41676ec")
    |   └── target2.md etag: None
    └── test2/
        ├── *target.md etag: None
        └── test2.md etag: Some("ec6c7087af24a6a803057e167a88d739")
    
[2021-07-30T11:58:17Z DEBUG ncs::nc_listen] Modify /test1/target2.md
[2021-07-30T11:58:17Z DEBUG reqwest::connect] starting new connection: https://storage.namnium.work/
[2021-07-30T11:58:17Z DEBUG reqwest::async_impl::client] response '207 Multi-Status' for https://storage.namnium.work/remote.php/dav/files/for_develop/test1/target2.md
[2021-07-30T11:58:17Z DEBUG ncs::nc_listen] target_name: target2.md
[2021-07-30T11:58:17Z DEBUG ncs::nc_listen] r_name: target2.md
[2021-07-30T11:58:17Z DEBUG ncs::nc_listen] 
    /
    ├── test1/
    |   ├── test1.md etag: Some("1e20c0ff2eb779d321f82773f41676ec")
    |   └── *target2.md etag: None
    └── test2/
        ├── *target.md etag: None
        └── test2.md etag: Some("ec6c7087af24a6a803057e167a88d739")
    
[2021-07-30T11:58:17Z DEBUG ncs::nc_listen] Move /test1/target2.md => /test2
[2021-07-30T11:58:17Z DEBUG reqwest::connect] starting new connection: https://storage.namnium.work/
[2021-07-30T11:58:18Z DEBUG reqwest::async_impl::client] response '207 Multi-Status' for https://storage.namnium.work/remote.php/dav/files/for_develop/test2
[2021-07-30T11:58:18Z DEBUG ncs::nc_listen] target_name: test2
[2021-07-30T11:58:18Z DEBUG ncs::nc_listen] r_name: test2/
[2021-07-30T11:58:18Z DEBUG ncs::nc_listen] /test2/
[2021-07-30T11:58:18Z DEBUG ncs::fileope] move_entry: c:/Users/namn/Desktop/test_dir/test1/target2.md => c:/Users/namn/Desktop/test_dir/test2/
[2021-07-30T11:58:18Z DEBUG ncs::nc_listen] try_fix_entry_type@move
[2021-07-30T11:58:18Z DEBUG reqwest::connect] starting new connection: https://storage.namnium.work/
[2021-07-30T11:58:18Z DEBUG reqwest::async_impl::client] response '404 Not Found' for https://storage.namnium.work/remote.php/dav/files/for_develop/test2/target2.md
[2021-07-30T11:58:18Z DEBUG ncs::nc_listen] 
    /
    ├── test1/
    |   └── test1.md etag: Some("1e20c0ff2eb779d321f82773f41676ec")
    └── test2/
        ├── *target.md etag: None
        ├── *target2.md etag: None
        └── test2.md etag: Some("ec6c7087af24a6a803057e167a88d739")
    
[2021-07-30T11:58:18Z DEBUG ncs::nc_listen] Modify /test2/target2.md
[2021-07-30T11:58:18Z DEBUG reqwest::connect] starting new connection: https://storage.namnium.work/
[2021-07-30T11:58:18Z DEBUG reqwest::async_impl::client] response '404 Not Found' for https://storage.namnium.work/remote.php/dav/files/for_develop/test2/target2.md
[2021-07-30T11:58:18Z DEBUG ncs::nc_listen] /test2/target2.md/
[2021-07-30T11:58:18Z DEBUG ncs::nc_listen] try_fix_entry_type@modify
[2021-07-30T11:58:18Z DEBUG reqwest::connect] starting new connection: https://storage.namnium.work/
[2021-07-30T11:58:19Z DEBUG reqwest::async_impl::client] response '404 Not Found' for https://storage.namnium.work/remote.php/dav/files/for_develop/test2/target2.md
[2021-07-30T11:58:19Z DEBUG ncs::nc_listen] 
    /
    ├── test1/
    |   └── test1.md etag: Some("1e20c0ff2eb779d321f82773f41676ec")
    └── test2/
        ├── *target.md etag: None
        ├── *target2.md etag: None
        └── test2.md etag: Some("ec6c7087af24a6a803057e167a88d739")
    
[2021-07-30T11:58:19Z DEBUG ncs::nc_listen] Move /test2/target2.md => /test1
[2021-07-30T11:58:19Z DEBUG reqwest::connect] starting new connection: https://storage.namnium.work/
[2021-07-30T11:58:19Z DEBUG reqwest::async_impl::client] response '207 Multi-Status' for https://storage.namnium.work/remote.php/dav/files/for_develop/test1
[2021-07-30T11:58:19Z DEBUG ncs::nc_listen] target_name: test1
[2021-07-30T11:58:19Z DEBUG ncs::nc_listen] r_name: test1/
[2021-07-30T11:58:19Z DEBUG ncs::nc_listen] /test1/
[2021-07-30T11:58:19Z DEBUG ncs::fileope] move_entry: c:/Users/namn/Desktop/test_dir/test2/target2.md => c:/Users/namn/Desktop/test_dir/test1/
[2021-07-30T11:58:19Z DEBUG ncs::nc_listen] try_fix_entry_type@move
[2021-07-30T11:58:19Z DEBUG reqwest::connect] starting new connection: https://storage.namnium.work/
[2021-07-30T11:58:19Z DEBUG reqwest::async_impl::client] response '207 Multi-Status' for https://storage.namnium.work/remote.php/dav/files/for_develop/test1/target2.md
[2021-07-30T11:58:19Z DEBUG ncs::nc_listen] target_name: target2.md
[2021-07-30T11:58:19Z DEBUG ncs::nc_listen] r_name: target2.md
[2021-07-30T11:58:19Z DEBUG ncs::nc_listen] 
    /
    ├── test1/
    |   ├── test1.md etag: Some("1e20c0ff2eb779d321f82773f41676ec")
    |   └── *target2.md etag: None
    └── test2/
        ├── *target.md etag: None
        └── test2.md etag: Some("ec6c7087af24a6a803057e167a88d739")
    
[2021-07-30T11:58:19Z DEBUG ncs::nc_listen] Create /test1/target3.md
[2021-07-30T11:58:19Z DEBUG reqwest::connect] starting new connection: https://storage.namnium.work/
[2021-07-30T11:58:20Z DEBUG reqwest::async_impl::client] response '404 Not Found' for https://storage.namnium.work/remote.php/dav/files/for_develop/test1/target3.md
[2021-07-30T11:58:20Z DEBUG ncs::nc_listen] /test1/target3.md/
[2021-07-30T11:58:20Z DEBUG ncs::fileope] touch_entry: c:/Users/namn/Desktop/test_dir/test1/target3.md/
[2021-07-30T11:58:20Z DEBUG ncs::fileope] create_dir_all: c:/Users/namn/Desktop/test_dir/test1/target3.md/
[2021-07-30T11:58:20Z DEBUG ncs::nc_listen] 
    /
    ├── test1/
    |   ├── target3.md/
    |   ├── test1.md etag: Some("1e20c0ff2eb779d321f82773f41676ec")
    |   └── *target2.md etag: None
    └── test2/
        ├── *target.md etag: None
        └── test2.md etag: Some("ec6c7087af24a6a803057e167a88d739")
    
[2021-07-30T11:58:20Z DEBUG ncs::nc_listen] Move /test1/target3.md => /test2
[2021-07-30T11:58:20Z DEBUG reqwest::connect] starting new connection: https://storage.namnium.work/
[2021-07-30T11:58:20Z DEBUG reqwest::async_impl::client] response '207 Multi-Status' for https://storage.namnium.work/remote.php/dav/files/for_develop/test2
[2021-07-30T11:58:20Z DEBUG ncs::nc_listen] target_name: test2
[2021-07-30T11:58:20Z DEBUG ncs::nc_listen] r_name: test2/
[2021-07-30T11:58:20Z DEBUG ncs::nc_listen] /test2/
[2021-07-30T11:58:20Z DEBUG ncs::fileope] move_entry: c:/Users/namn/Desktop/test_dir/test1/target3.md/ => c:/Users/namn/Desktop/test_dir/test2/
[2021-07-30T11:58:20Z DEBUG ncs::nc_listen] try_fix_entry_type@move
[2021-07-30T11:58:20Z DEBUG reqwest::connect] starting new connection: https://storage.namnium.work/
[2021-07-30T11:58:20Z DEBUG reqwest::async_impl::client] response '207 Multi-Status' for https://storage.namnium.work/remote.php/dav/files/for_develop/test2/target3.md
[2021-07-30T11:58:20Z DEBUG ncs::nc_listen] target_name: target3.md/
[2021-07-30T11:58:20Z DEBUG ncs::nc_listen] r_name: target3.md
[2021-07-30T11:58:20Z DEBUG ncs::nc_listen] /test2/target3.md
[2021-07-30T11:58:20Z DEBUG ncs::fileope] remove_entry: c:/Users/namn/Desktop/test_dir/test2/target3.md
[2021-07-30T11:58:20Z DEBUG ncs::fileope] touch_entry: c:/Users/namn/Desktop/test_dir/test2/target3.md
[2021-07-30T11:58:20Z DEBUG ncs] 
    /
    ├── test1/
    |   ├── test1.md etag: Some("1e20c0ff2eb779d321f82773f41676ec")
    |   └── *target2.md etag: None
    └── test2/
        ├── *target3.md etag: None
        ├── *target.md etag: None
        └── test2.md etag: Some("ec6c7087af24a6a803057e167a88d739")
    
[2021-07-30T11:58:20Z DEBUG ncs] [(Weak), (Weak), (Weak), (Weak), (Weak), (Weak), (Weak)]
[2021-07-30T11:58:20Z DEBUG reqwest::connect] starting new connection: https://storage.namnium.work/
[2021-07-30T11:58:21Z DEBUG reqwest::async_impl::client] response '207 Multi-Status' for https://storage.namnium.work/remote.php/dav/files/for_develop/test2/target.md
[2021-07-30T11:58:21Z DEBUG ncs::nc_listen] target_name: target.md
[2021-07-30T11:58:21Z DEBUG ncs::nc_listen] r_name: target.md
[2021-07-30T11:58:21Z DEBUG ncs::nc_listen] Need to download.
[2021-07-30T11:58:21Z DEBUG reqwest::connect] starting new connection: https://storage.namnium.work/
[2021-07-30T11:58:21Z DEBUG reqwest::async_impl::client] response '200 OK' for https://storage.namnium.work/remote.php/dav/files/for_develop/test2/target.md
[2021-07-30T11:58:21Z DEBUG ncs::fileope] save_file: c:/Users/namn/Desktop/test_dir/test2/target.md
[2021-07-30T11:58:21Z DEBUG reqwest::connect] starting new connection: https://storage.namnium.work/
[2021-07-30T11:58:21Z DEBUG reqwest::async_impl::client] response '207 Multi-Status' for https://storage.namnium.work/remote.php/dav/files/for_develop/test2/target.md
[2021-07-30T11:58:21Z DEBUG ncs::nc_listen] target_name: target.md
[2021-07-30T11:58:21Z DEBUG ncs::nc_listen] r_name: target.md
[2021-07-30T11:58:21Z DEBUG reqwest::connect] starting new connection: https://storage.namnium.work/
[2021-07-30T11:58:22Z DEBUG reqwest::async_impl::client] response '207 Multi-Status' for https://storage.namnium.work/remote.php/dav/files/for_develop/test1/target2.md
[2021-07-30T11:58:22Z DEBUG ncs::nc_listen] target_name: target2.md
[2021-07-30T11:58:22Z DEBUG ncs::nc_listen] r_name: target2.md
[2021-07-30T11:58:22Z DEBUG ncs::nc_listen] Need to download.
[2021-07-30T11:58:22Z DEBUG reqwest::connect] starting new connection: https://storage.namnium.work/
[2021-07-30T11:58:22Z DEBUG reqwest::async_impl::client] response '200 OK' for https://storage.namnium.work/remote.php/dav/files/for_develop/test1/target2.md
[2021-07-30T11:58:22Z DEBUG ncs::fileope] save_file: c:/Users/namn/Desktop/test_dir/test1/target2.md
[2021-07-30T11:58:22Z DEBUG reqwest::connect] starting new connection: https://storage.namnium.work/
[2021-07-30T11:58:22Z DEBUG reqwest::async_impl::client] response '207 Multi-Status' for https://storage.namnium.work/remote.php/dav/files/for_develop/test1/target2.md
[2021-07-30T11:58:22Z DEBUG ncs::nc_listen] target_name: target2.md
[2021-07-30T11:58:22Z DEBUG ncs::nc_listen] r_name: target2.md
[2021-07-30T11:58:22Z DEBUG reqwest::connect] starting new connection: https://storage.namnium.work/
[2021-07-30T11:58:23Z DEBUG reqwest::async_impl::client] response '207 Multi-Status' for https://storage.namnium.work/remote.php/dav/files/for_develop/test1/target2.md
[2021-07-30T11:58:23Z DEBUG ncs::nc_listen] target_name: target2.md
[2021-07-30T11:58:23Z DEBUG ncs::nc_listen] r_name: target2.md
[2021-07-30T11:58:23Z DEBUG reqwest::connect] starting new connection: https://storage.namnium.work/
[2021-07-30T11:58:23Z DEBUG reqwest::async_impl::client] response '207 Multi-Status' for https://storage.namnium.work/remote.php/dav/files/for_develop/test2/target3.md
[2021-07-30T11:58:23Z DEBUG ncs::nc_listen] target_name: target3.md
[2021-07-30T11:58:23Z DEBUG ncs::nc_listen] r_name: target3.md
[2021-07-30T11:58:23Z DEBUG ncs::nc_listen] Need to download.
[2021-07-30T11:58:23Z DEBUG reqwest::connect] starting new connection: https://storage.namnium.work/
[2021-07-30T11:58:23Z DEBUG reqwest::async_impl::client] response '200 OK' for https://storage.namnium.work/remote.php/dav/files/for_develop/test2/target3.md
[2021-07-30T11:58:23Z DEBUG ncs::fileope] save_file: c:/Users/namn/Desktop/test_dir/test2/target3.md
[2021-07-30T11:58:23Z DEBUG reqwest::connect] starting new connection: https://storage.namnium.work/
[2021-07-30T11:58:24Z DEBUG reqwest::async_impl::client] response '207 Multi-Status' for https://storage.namnium.work/remote.php/dav/files/for_develop/test2/target3.md
[2021-07-30T11:58:24Z DEBUG ncs::nc_listen] target_name: target3.md
[2021-07-30T11:58:24Z DEBUG ncs::nc_listen] r_name: target3.md
[2021-07-30T11:58:24Z DEBUG ncs] 
    /
    ├── test1/
    |   ├── test1.md etag: Some("1e20c0ff2eb779d321f82773f41676ec")
    |   └── target2.md etag: Some("20c6591a76410bfed9a849121dc44d52")
    └── test2/
        ├── target3.md etag: Some("0e282fe75b408f9ffc2eb1ae26542ee5")
        ├── target.md etag: Some("587a7a7ceeee0fafd199828bf24c5710")
        └── test2.md etag: Some("ec6c7087af24a6a803057e167a88d739")
    
=====================================================================================
Finished dev [unoptimized + debuginfo] target(s) in 0.12s
     Running `target\debug\ncs.exe update`
[2021-07-30T21:58:15Z DEBUG ncs] 95471
[2021-07-30T21:58:15Z DEBUG ncs] 
    /
    ├── test2/
    |   └── test2.md etag: Some("ec6c7087af24a6a803057e167a88d739")
    └── test1/
        └── test1.md etag: Some("1e20c0ff2eb779d321f82773f41676ec")
    
[2021-07-30T21:58:15Z DEBUG reqwest::connect] starting new connection: https://storage.namnium.work/
[2021-07-30T21:58:15Z DEBUG reqwest::async_impl::client] response '200 OK' for https://storage.namnium.work/ocs/v2.php/apps/activity/api/v2/activity/all?since=95471&sort=asc
[2021-07-30T21:58:15Z DEBUG ncs] Create("/test1/target.md")
[2021-07-30T21:58:15Z DEBUG ncs] Modify("/test1/target.md")
[2021-07-30T21:58:15Z DEBUG ncs] Move("/test1/target.md", "/test2")
[2021-07-30T21:58:15Z DEBUG ncs] Create("/test1/target2.md")
[2021-07-30T21:58:15Z DEBUG ncs] Modify("/test1/target2.md")
[2021-07-30T21:58:15Z DEBUG ncs] Move("/test1/target2.md", "/test2")
[2021-07-30T21:58:15Z DEBUG ncs] Modify("/test2/target2.md")
[2021-07-30T21:58:15Z DEBUG ncs] Move("/test2/target2.md", "/test1")
[2021-07-30T21:58:15Z DEBUG ncs] Create("/test1/target3.md")
[2021-07-30T21:58:15Z DEBUG ncs] Move("/test1/target3.md", "/test2")
[2021-07-30T21:58:15Z DEBUG ncs::nc_listen] 
    /
    ├── test2/
    |   └── test2.md etag: Some("ec6c7087af24a6a803057e167a88d739")
    └── test1/
        └── test1.md etag: Some("1e20c0ff2eb779d321f82773f41676ec")
    
[2021-07-30T21:58:15Z DEBUG ncs::nc_listen] Create /test1/target.md
[2021-07-30T21:58:15Z DEBUG reqwest::connect] starting new connection: https://storage.namnium.work/
[2021-07-30T21:58:16Z DEBUG reqwest::async_impl::client] response '404 Not Found' for https://storage.namnium.work/remote.php/dav/files/for_develop/test1/target.md
[2021-07-30T21:58:16Z DEBUG ncs::nc_listen] /test1/target.md/
[2021-07-30T21:58:16Z DEBUG ncs::fileope] touch_entry: c:/Users/namn/Desktop/test_dir/test1/target.md/
[2021-07-30T21:58:16Z DEBUG ncs::fileope] create_dir_all: c:/Users/namn/Desktop/test_dir/test1/target.md/
[2021-07-30T21:58:16Z DEBUG ncs::nc_listen] 
    /
    ├── test2/
    |   └── test2.md etag: Some("ec6c7087af24a6a803057e167a88d739")
    └── test1/
        ├── test1.md etag: Some("1e20c0ff2eb779d321f82773f41676ec")
        └── *target.md/
    
[2021-07-30T21:58:16Z DEBUG ncs::nc_listen] Modify /test1/target.md
[2021-07-30T21:58:16Z DEBUG reqwest::connect] starting new connection: https://storage.namnium.work/
[2021-07-30T21:58:16Z DEBUG reqwest::async_impl::client] response '404 Not Found' for https://storage.namnium.work/remote.php/dav/files/for_develop/test1/target.md
[2021-07-30T21:58:16Z DEBUG ncs::nc_listen] /test1/target.md/
[2021-07-30T21:58:16Z DEBUG ncs::nc_listen] 
    /
    ├── test2/
    |   └── test2.md etag: Some("ec6c7087af24a6a803057e167a88d739")
    └── test1/
        ├── test1.md etag: Some("1e20c0ff2eb779d321f82773f41676ec")
        └── *target.md/
    
[2021-07-30T21:58:16Z DEBUG ncs::nc_listen] Move /test1/target.md => /test2
[2021-07-30T21:58:16Z DEBUG reqwest::connect] starting new connection: https://storage.namnium.work/
[2021-07-30T21:58:16Z DEBUG reqwest::async_impl::client] response '207 Multi-Status' for https://storage.namnium.work/remote.php/dav/files/for_develop/test2
[2021-07-30T21:58:16Z DEBUG ncs::nc_listen] target_name: test2
[2021-07-30T21:58:16Z DEBUG ncs::nc_listen] r_name: test2/
[2021-07-30T21:58:16Z DEBUG ncs::nc_listen] /test2/
[2021-07-30T21:58:16Z DEBUG ncs::fileope] move_entry: c:/Users/namn/Desktop/test_dir/test1/target.md/ => c:/Users/namn/Desktop/test_dir/test2/
[2021-07-30T21:58:16Z DEBUG ncs::nc_listen] try_fix_entry_type@move
[2021-07-30T21:58:16Z DEBUG reqwest::connect] starting new connection: https://storage.namnium.work/
[2021-07-30T21:58:17Z DEBUG reqwest::async_impl::client] response '207 Multi-Status' for https://storage.namnium.work/remote.php/dav/files/for_develop/test2/target.md
[2021-07-30T21:58:17Z DEBUG ncs::nc_listen] target_name: target.md/
[2021-07-30T21:58:17Z DEBUG ncs::nc_listen] r_name: target.md
[2021-07-30T21:58:17Z DEBUG ncs::nc_listen] /test2/target.md
[2021-07-30T21:58:17Z DEBUG ncs::fileope] remove_entry: c:/Users/namn/Desktop/test_dir/test2/target.md
[2021-07-30T21:58:17Z DEBUG ncs::fileope] touch_entry: c:/Users/namn/Desktop/test_dir/test2/target.md
[2021-07-30T21:58:17Z DEBUG ncs::nc_listen] 
    /
    ├── test2/
    |   ├── test2.md etag: Some("ec6c7087af24a6a803057e167a88d739")
    |   └── *target.md etag: None
    └── test1/
        └── test1.md etag: Some("1e20c0ff2eb779d321f82773f41676ec")
    
[2021-07-30T21:58:17Z DEBUG ncs::nc_listen] Create /test1/target2.md
[2021-07-30T21:58:17Z DEBUG reqwest::connect] starting new connection: https://storage.namnium.work/
[2021-07-30T21:58:17Z DEBUG reqwest::async_impl::client] response '207 Multi-Status' for https://storage.namnium.work/remote.php/dav/files/for_develop/test1/target2.md
[2021-07-30T21:58:17Z DEBUG ncs::nc_listen] target_name: target2.md
[2021-07-30T21:58:17Z DEBUG ncs::nc_listen] r_name: target2.md
[2021-07-30T21:58:17Z DEBUG ncs::fileope] touch_entry: c:/Users/namn/Desktop/test_dir/test1/target2.md
[2021-07-30T21:58:17Z DEBUG ncs::nc_listen] 
    /
    ├── test2/
    |   ├── test2.md etag: Some("ec6c7087af24a6a803057e167a88d739")
    |   └── *target.md etag: None
    └── test1/
        ├── test1.md etag: Some("1e20c0ff2eb779d321f82773f41676ec")
        └── *target2.md etag: None
    
[2021-07-30T21:58:17Z DEBUG ncs::nc_listen] Modify /test1/target2.md
[2021-07-30T21:58:17Z DEBUG reqwest::connect] starting new connection: https://storage.namnium.work/
[2021-07-30T21:58:17Z DEBUG reqwest::async_impl::client] response '207 Multi-Status' for https://storage.namnium.work/remote.php/dav/files/for_develop/test1/target2.md
[2021-07-30T21:58:17Z DEBUG ncs::nc_listen] target_name: target2.md
[2021-07-30T21:58:17Z DEBUG ncs::nc_listen] r_name: target2.md
[2021-07-30T21:58:17Z DEBUG ncs::nc_listen] 
    /
    ├── test2/
    |   ├── test2.md etag: Some("ec6c7087af24a6a803057e167a88d739")
    |   └── *target.md etag: None
    └── test1/
        ├── test1.md etag: Some("1e20c0ff2eb779d321f82773f41676ec")
        └── *target2.md etag: None
    
[2021-07-30T21:58:17Z DEBUG ncs::nc_listen] Move /test1/target2.md => /test2
[2021-07-30T21:58:17Z DEBUG reqwest::connect] starting new connection: https://storage.namnium.work/
[2021-07-30T21:58:18Z DEBUG reqwest::async_impl::client] response '207 Multi-Status' for https://storage.namnium.work/remote.php/dav/files/for_develop/test2
[2021-07-30T21:58:18Z DEBUG ncs::nc_listen] target_name: test2
[2021-07-30T21:58:18Z DEBUG ncs::nc_listen] r_name: test2/
[2021-07-30T21:58:18Z DEBUG ncs::nc_listen] /test2/
[2021-07-30T21:58:18Z DEBUG ncs::fileope] move_entry: c:/Users/namn/Desktop/test_dir/test1/target2.md => c:/Users/namn/Desktop/test_dir/test2/
[2021-07-30T21:58:18Z DEBUG ncs::nc_listen] try_fix_entry_type@move
[2021-07-30T21:58:18Z DEBUG reqwest::connect] starting new connection: https://storage.namnium.work/
[2021-07-30T21:58:18Z DEBUG reqwest::async_impl::client] response '404 Not Found' for https://storage.namnium.work/remote.php/dav/files/for_develop/test2/target2.md
[2021-07-30T21:58:18Z DEBUG ncs::nc_listen] 
    /
    ├── test2/
    |   ├── *target2.md etag: None
    |   ├── test2.md etag: Some("ec6c7087af24a6a803057e167a88d739")
    |   └── *target.md etag: None
    └── test1/
        └── test1.md etag: Some("1e20c0ff2eb779d321f82773f41676ec")
    
[2021-07-30T21:58:18Z DEBUG ncs::nc_listen] Modify /test2/target2.md
[2021-07-30T21:58:18Z DEBUG reqwest::connect] starting new connection: https://storage.namnium.work/
[2021-07-30T21:58:18Z DEBUG reqwest::async_impl::client] response '404 Not Found' for https://storage.namnium.work/remote.php/dav/files/for_develop/test2/target2.md
[2021-07-30T21:58:18Z DEBUG ncs::nc_listen] /test2/target2.md/
[2021-07-30T21:58:18Z DEBUG ncs::nc_listen] /test2/target2.md/ @ Modify
[2021-07-30T21:58:18Z DEBUG ncs::nc_listen] /test2/target2.md @ Modify
[2021-07-30T21:58:18Z DEBUG ncs::nc_listen] try_fix_entry_type@modify
[2021-07-30T21:58:18Z DEBUG reqwest::connect] starting new connection: https://storage.namnium.work/
[2021-07-30T21:58:18Z DEBUG reqwest::async_impl::client] response '404 Not Found' for https://storage.namnium.work/remote.php/dav/files/for_develop/test2/target2.md
[2021-07-30T21:58:18Z DEBUG ncs::nc_listen] 
    /
    ├── test2/
    |   ├── *target2.md etag: None
    |   ├── test2.md etag: Some("ec6c7087af24a6a803057e167a88d739")
    |   └── *target.md etag: None
    └── test1/
        └── test1.md etag: Some("1e20c0ff2eb779d321f82773f41676ec")
    
[2021-07-30T21:58:18Z DEBUG ncs::nc_listen] Move /test2/target2.md => /test1
[2021-07-30T21:58:18Z DEBUG reqwest::connect] starting new connection: https://storage.namnium.work/
[2021-07-30T21:58:19Z DEBUG reqwest::async_impl::client] response '207 Multi-Status' for https://storage.namnium.work/remote.php/dav/files/for_develop/test1
[2021-07-30T21:58:19Z DEBUG ncs::nc_listen] target_name: test1
[2021-07-30T21:58:19Z DEBUG ncs::nc_listen] r_name: test1/
[2021-07-30T21:58:19Z DEBUG ncs::nc_listen] /test1/
[2021-07-30T21:58:19Z DEBUG ncs::fileope] move_entry: c:/Users/namn/Desktop/test_dir/test2/target2.md => c:/Users/namn/Desktop/test_dir/test1/
[2021-07-30T21:58:19Z DEBUG ncs::nc_listen] try_fix_entry_type@move
[2021-07-30T21:58:19Z DEBUG reqwest::connect] starting new connection: https://storage.namnium.work/
[2021-07-30T21:58:19Z DEBUG reqwest::async_impl::client] response '207 Multi-Status' for https://storage.namnium.work/remote.php/dav/files/for_develop/test1/target2.md
[2021-07-30T21:58:19Z DEBUG ncs::nc_listen] target_name: target2.md
[2021-07-30T21:58:19Z DEBUG ncs::nc_listen] r_name: target2.md
[2021-07-30T21:58:19Z DEBUG ncs::nc_listen] 
    /
    ├── test2/
    |   ├── test2.md etag: Some("ec6c7087af24a6a803057e167a88d739")
    |   └── *target.md etag: None
    └── test1/
        ├── test1.md etag: Some("1e20c0ff2eb779d321f82773f41676ec")
        └── *target2.md etag: None
    
[2021-07-30T21:58:19Z DEBUG ncs::nc_listen] Create /test1/target3.md
[2021-07-30T21:58:19Z DEBUG reqwest::connect] starting new connection: https://storage.namnium.work/
[2021-07-30T21:58:19Z DEBUG reqwest::async_impl::client] response '404 Not Found' for https://storage.namnium.work/remote.php/dav/files/for_develop/test1/target3.md
[2021-07-30T21:58:19Z DEBUG ncs::nc_listen] /test1/target3.md/
[2021-07-30T21:58:19Z DEBUG ncs::fileope] touch_entry: c:/Users/namn/Desktop/test_dir/test1/target3.md/
[2021-07-30T21:58:19Z DEBUG ncs::fileope] create_dir_all: c:/Users/namn/Desktop/test_dir/test1/target3.md/
[2021-07-30T21:58:19Z DEBUG ncs::nc_listen] 
    /
    ├── test2/
    |   ├── test2.md etag: Some("ec6c7087af24a6a803057e167a88d739")
    |   └── *target.md etag: None
    └── test1/
        ├── test1.md etag: Some("1e20c0ff2eb779d321f82773f41676ec")
        ├── *target3.md/
        └── *target2.md etag: None
    
[2021-07-30T21:58:19Z DEBUG ncs::nc_listen] Move /test1/target3.md => /test2
[2021-07-30T21:58:19Z DEBUG reqwest::connect] starting new connection: https://storage.namnium.work/
[2021-07-30T21:58:20Z DEBUG reqwest::async_impl::client] response '207 Multi-Status' for https://storage.namnium.work/remote.php/dav/files/for_develop/test2
[2021-07-30T21:58:20Z DEBUG ncs::nc_listen] target_name: test2
[2021-07-30T21:58:20Z DEBUG ncs::nc_listen] r_name: test2/
[2021-07-30T21:58:20Z DEBUG ncs::nc_listen] /test2/
[2021-07-30T21:58:20Z DEBUG ncs::fileope] move_entry: c:/Users/namn/Desktop/test_dir/test1/target3.md/ => c:/Users/namn/Desktop/test_dir/test2/
[2021-07-30T21:58:20Z DEBUG ncs::nc_listen] try_fix_entry_type@move
[2021-07-30T21:58:20Z DEBUG reqwest::connect] starting new connection: https://storage.namnium.work/
[2021-07-30T21:58:20Z DEBUG reqwest::async_impl::client] response '207 Multi-Status' for https://storage.namnium.work/remote.php/dav/files/for_develop/test2/target3.md
[2021-07-30T21:58:20Z DEBUG ncs::nc_listen] target_name: target3.md/
[2021-07-30T21:58:20Z DEBUG ncs::nc_listen] r_name: target3.md
[2021-07-30T21:58:20Z DEBUG ncs::nc_listen] /test2/target3.md
[2021-07-30T21:58:20Z DEBUG ncs::fileope] remove_entry: c:/Users/namn/Desktop/test_dir/test2/target3.md
[2021-07-30T21:58:20Z DEBUG ncs::fileope] touch_entry: c:/Users/namn/Desktop/test_dir/test2/target3.md
[2021-07-30T21:58:20Z DEBUG ncs] 
    /
    ├── test2/
    |   ├── *target3.md etag: None
    |   ├── test2.md etag: Some("ec6c7087af24a6a803057e167a88d739")
    |   └── *target.md etag: None
    └── test1/
        ├── test1.md etag: Some("1e20c0ff2eb779d321f82773f41676ec")
        └── *target2.md etag: None
    
[2021-07-30T21:58:20Z DEBUG ncs] [(Weak), (Weak), (Weak), (Weak), (Weak), (Weak), (Weak)]
[2021-07-30T21:58:20Z DEBUG reqwest::connect] starting new connection: https://storage.namnium.work/
[2021-07-30T21:58:20Z DEBUG reqwest::async_impl::client] response '207 Multi-Status' for https://storage.namnium.work/remote.php/dav/files/for_develop/test2/target.md
[2021-07-30T21:58:20Z DEBUG ncs::nc_listen] target_name: target.md
[2021-07-30T21:58:20Z DEBUG ncs::nc_listen] r_name: target.md
[2021-07-30T21:58:20Z DEBUG ncs::nc_listen] Need to download.
[2021-07-30T21:58:20Z DEBUG reqwest::connect] starting new connection: https://storage.namnium.work/
[2021-07-30T21:58:21Z DEBUG reqwest::async_impl::client] response '200 OK' for https://storage.namnium.work/remote.php/dav/files/for_develop/test2/target.md
[2021-07-30T21:58:21Z DEBUG ncs::fileope] save_file: c:/Users/namn/Desktop/test_dir/test2/target.md
[2021-07-30T21:58:21Z DEBUG reqwest::connect] starting new connection: https://storage.namnium.work/
[2021-07-30T21:58:21Z DEBUG reqwest::async_impl::client] response '207 Multi-Status' for https://storage.namnium.work/remote.php/dav/files/for_develop/test2/target.md
[2021-07-30T21:58:21Z DEBUG ncs::nc_listen] target_name: target.md
[2021-07-30T21:58:21Z DEBUG ncs::nc_listen] r_name: target.md
[2021-07-30T21:58:21Z DEBUG reqwest::connect] starting new connection: https://storage.namnium.work/
[2021-07-30T21:58:21Z DEBUG reqwest::async_impl::client] response '207 Multi-Status' for https://storage.namnium.work/remote.php/dav/files/for_develop/test1/target2.md
[2021-07-30T21:58:21Z DEBUG ncs::nc_listen] target_name: target2.md
[2021-07-30T21:58:21Z DEBUG ncs::nc_listen] r_name: target2.md
[2021-07-30T21:58:21Z DEBUG ncs::nc_listen] Need to download.
[2021-07-30T21:58:21Z DEBUG reqwest::connect] starting new connection: https://storage.namnium.work/
[2021-07-30T21:58:21Z DEBUG reqwest::async_impl::client] response '200 OK' for https://storage.namnium.work/remote.php/dav/files/for_develop/test1/target2.md
[2021-07-30T21:58:21Z DEBUG ncs::fileope] save_file: c:/Users/namn/Desktop/test_dir/test1/target2.md
[2021-07-30T21:58:21Z DEBUG reqwest::connect] starting new connection: https://storage.namnium.work/
[2021-07-30T21:58:22Z DEBUG reqwest::async_impl::client] response '207 Multi-Status' for https://storage.namnium.work/remote.php/dav/files/for_develop/test1/target2.md
[2021-07-30T21:58:22Z DEBUG ncs::nc_listen] target_name: target2.md
[2021-07-30T21:58:22Z DEBUG ncs::nc_listen] r_name: target2.md
[2021-07-30T21:58:22Z DEBUG reqwest::connect] starting new connection: https://storage.namnium.work/
[2021-07-30T21:58:22Z DEBUG reqwest::async_impl::client] response '207 Multi-Status' for https://storage.namnium.work/remote.php/dav/files/for_develop/test1/target2.md
[2021-07-30T21:58:22Z DEBUG ncs::nc_listen] target_name: target2.md
[2021-07-30T21:58:22Z DEBUG ncs::nc_listen] r_name: target2.md
[2021-07-30T21:58:22Z DEBUG reqwest::connect] starting new connection: https://storage.namnium.work/
[2021-07-30T21:58:22Z DEBUG reqwest::async_impl::client] response '207 Multi-Status' for https://storage.namnium.work/remote.php/dav/files/for_develop/test2/target3.md
[2021-07-30T21:58:22Z DEBUG ncs::nc_listen] target_name: target3.md
[2021-07-30T21:58:22Z DEBUG ncs::nc_listen] r_name: target3.md
[2021-07-30T21:58:22Z DEBUG ncs::nc_listen] Need to download.
[2021-07-30T21:58:22Z DEBUG reqwest::connect] starting new connection: https://storage.namnium.work/
[2021-07-30T21:58:23Z DEBUG reqwest::async_impl::client] response '200 OK' for https://storage.namnium.work/remote.php/dav/files/for_develop/test2/target3.md
[2021-07-30T21:58:23Z DEBUG ncs::fileope] save_file: c:/Users/namn/Desktop/test_dir/test2/target3.md
[2021-07-30T21:58:23Z DEBUG reqwest::connect] starting new connection: https://storage.namnium.work/
[2021-07-30T21:58:23Z DEBUG reqwest::async_impl::client] response '207 Multi-Status' for https://storage.namnium.work/remote.php/dav/files/for_develop/test2/target3.md
[2021-07-30T21:58:23Z DEBUG ncs::nc_listen] target_name: target3.md
[2021-07-30T21:58:23Z DEBUG ncs::nc_listen] r_name: target3.md
[2021-07-30T21:58:23Z DEBUG ncs] 
    /
    ├── test2/
    |   ├── target3.md etag: Some("42ed31afc4a6090d4deb8f16d603b595")
    |   ├── test2.md etag: Some("ec6c7087af24a6a803057e167a88d739")
    |   └── target.md etag: Some("fd80eb98435e3c52d55b06a17bd2758a")
    └── test1/
        ├── test1.md etag: Some("1e20c0ff2eb779d321f82773f41676ec")
        └── target2.md etag: Some("353bcc76f7f4b5cb1ad4c3cc2f76623d")
    
